Archive member included to satisfy reference by file (symbol)

/usr/lib/gcc/arm-none-eabi/4.8/../../../arm-none-eabi/lib/armv7e-m/fpu/libc_nano.a(lib_a-atexit.o)
                              /usr/lib/gcc/arm-none-eabi/4.8/../../../arm-none-eabi/lib/armv7e-m/fpu/rdimon-crt0.o (atexit)
/usr/lib/gcc/arm-none-eabi/4.8/../../../arm-none-eabi/lib/armv7e-m/fpu/libc_nano.a(lib_a-exit.o)
                              /usr/lib/gcc/arm-none-eabi/4.8/../../../arm-none-eabi/lib/armv7e-m/fpu/rdimon-crt0.o (exit)
/usr/lib/gcc/arm-none-eabi/4.8/../../../arm-none-eabi/lib/armv7e-m/fpu/libc_nano.a(lib_a-fini.o)
                              /usr/lib/gcc/arm-none-eabi/4.8/../../../arm-none-eabi/lib/armv7e-m/fpu/rdimon-crt0.o (__libc_fini_array)
/usr/lib/gcc/arm-none-eabi/4.8/../../../arm-none-eabi/lib/armv7e-m/fpu/libc_nano.a(lib_a-impure.o)
                              /usr/lib/gcc/arm-none-eabi/4.8/../../../arm-none-eabi/lib/armv7e-m/fpu/libc_nano.a(lib_a-exit.o) (_global_impure_ptr)
/usr/lib/gcc/arm-none-eabi/4.8/../../../arm-none-eabi/lib/armv7e-m/fpu/libc_nano.a(lib_a-init.o)
                              /usr/lib/gcc/arm-none-eabi/4.8/../../../arm-none-eabi/lib/armv7e-m/fpu/rdimon-crt0.o (__libc_init_array)
/usr/lib/gcc/arm-none-eabi/4.8/../../../arm-none-eabi/lib/armv7e-m/fpu/libc_nano.a(lib_a-memset.o)
                              /usr/lib/gcc/arm-none-eabi/4.8/../../../arm-none-eabi/lib/armv7e-m/fpu/rdimon-crt0.o (memset)
/usr/lib/gcc/arm-none-eabi/4.8/../../../arm-none-eabi/lib/armv7e-m/fpu/libc_nano.a(lib_a-nano-vfprintf_float.o)
                              (_printf_float)
/usr/lib/gcc/arm-none-eabi/4.8/../../../arm-none-eabi/lib/armv7e-m/fpu/libc_nano.a(lib_a-nano-vfprintf_i.o)
                              /usr/lib/gcc/arm-none-eabi/4.8/../../../arm-none-eabi/lib/armv7e-m/fpu/libc_nano.a(lib_a-nano-vfprintf_float.o) (_printf_common)
/usr/lib/gcc/arm-none-eabi/4.8/../../../arm-none-eabi/lib/armv7e-m/fpu/libc_nano.a(lib_a-printf.o)
                              build/main.o (printf)
/usr/lib/gcc/arm-none-eabi/4.8/../../../arm-none-eabi/lib/armv7e-m/fpu/libc_nano.a(lib_a-s_fpclassify.o)
                              /usr/lib/gcc/arm-none-eabi/4.8/../../../arm-none-eabi/lib/armv7e-m/fpu/libc_nano.a(lib_a-nano-vfprintf_float.o) (__fpclassifyd)
/usr/lib/gcc/arm-none-eabi/4.8/../../../arm-none-eabi/lib/armv7e-m/fpu/libc_nano.a(lib_a-strlen.o)
                              /usr/lib/gcc/arm-none-eabi/4.8/../../../arm-none-eabi/lib/armv7e-m/fpu/libc_nano.a(lib_a-nano-vfprintf_float.o) (strlen)
/usr/lib/gcc/arm-none-eabi/4.8/../../../arm-none-eabi/lib/armv7e-m/fpu/libc_nano.a(lib_a-__atexit.o)
                              /usr/lib/gcc/arm-none-eabi/4.8/../../../arm-none-eabi/lib/armv7e-m/fpu/libc_nano.a(lib_a-atexit.o) (__register_exitproc)
/usr/lib/gcc/arm-none-eabi/4.8/../../../arm-none-eabi/lib/armv7e-m/fpu/libc_nano.a(lib_a-__call_atexit.o)
                              /usr/lib/gcc/arm-none-eabi/4.8/../../../arm-none-eabi/lib/armv7e-m/fpu/libc_nano.a(lib_a-__atexit.o) (__call_exitprocs)
/usr/lib/gcc/arm-none-eabi/4.8/../../../arm-none-eabi/lib/armv7e-m/fpu/libc_nano.a(lib_a-dtoa.o)
                              /usr/lib/gcc/arm-none-eabi/4.8/../../../arm-none-eabi/lib/armv7e-m/fpu/libc_nano.a(lib_a-nano-vfprintf_float.o) (_dtoa_r)
/usr/lib/gcc/arm-none-eabi/4.8/../../../arm-none-eabi/lib/armv7e-m/fpu/libc_nano.a(lib_a-findfp.o)
                              /usr/lib/gcc/arm-none-eabi/4.8/../../../arm-none-eabi/lib/armv7e-m/fpu/libc_nano.a(lib_a-printf.o) (__sinit)
/usr/lib/gcc/arm-none-eabi/4.8/../../../arm-none-eabi/lib/armv7e-m/fpu/libc_nano.a(lib_a-fwalk.o)
                              /usr/lib/gcc/arm-none-eabi/4.8/../../../arm-none-eabi/lib/armv7e-m/fpu/libc_nano.a(lib_a-findfp.o) (_fwalk)
/usr/lib/gcc/arm-none-eabi/4.8/../../../arm-none-eabi/lib/armv7e-m/fpu/libc_nano.a(lib_a-locale.o)
                              /usr/lib/gcc/arm-none-eabi/4.8/../../../arm-none-eabi/lib/armv7e-m/fpu/libc_nano.a(lib_a-nano-vfprintf_float.o) (_localeconv_r)
/usr/lib/gcc/arm-none-eabi/4.8/../../../arm-none-eabi/lib/armv7e-m/fpu/libc_nano.a(lib_a-malloc.o)
                              /usr/lib/gcc/arm-none-eabi/4.8/../../../arm-none-eabi/lib/armv7e-m/fpu/libc_nano.a(lib_a-dtoa.o) (malloc)
/usr/lib/gcc/arm-none-eabi/4.8/../../../arm-none-eabi/lib/armv7e-m/fpu/libc_nano.a(lib_a-memcpy-stub.o)
                              /usr/lib/gcc/arm-none-eabi/4.8/../../../arm-none-eabi/lib/armv7e-m/fpu/libc_nano.a(lib_a-dtoa.o) (memcpy)
/usr/lib/gcc/arm-none-eabi/4.8/../../../arm-none-eabi/lib/armv7e-m/fpu/libc_nano.a(lib_a-mprec.o)
                              /usr/lib/gcc/arm-none-eabi/4.8/../../../arm-none-eabi/lib/armv7e-m/fpu/libc_nano.a(lib_a-dtoa.o) (_Balloc)
/usr/lib/gcc/arm-none-eabi/4.8/../../../arm-none-eabi/lib/armv7e-m/fpu/libc_nano.a(lib_a-nano-callocr.o)
                              /usr/lib/gcc/arm-none-eabi/4.8/../../../arm-none-eabi/lib/armv7e-m/fpu/libc_nano.a(lib_a-mprec.o) (_calloc_r)
[...]
Memory Configuration

Name             Origin             Length             Attributes
FLASH            0x0000000008000000 0x0000000000040000 xr
RAM              0x0000000020000000 0x000000000000a000 xrw
CCMRAM           0x0000000010000000 0x0000000000002000 rw
*default*        0x0000000000000000 0xffffffffffffffff

Linker script and memory map

LOAD /usr/lib/gcc/arm-none-eabi/4.8/armv7e-m/fpu/crti.o
LOAD /usr/lib/gcc/arm-none-eabi/4.8/armv7e-m/fpu/crtbegin.o
LOAD /usr/lib/gcc/arm-none-eabi/4.8/../../../arm-none-eabi/lib/armv7e-m/fpu/rdimon-crt0.o
LOAD build/system_stm32f3xx.o
LOAD build/stm32f3xx_hal.o
LOAD build/stm32f3xx_hal_cortex.o
LOAD build/stm32f3xx_hal_dma.o
LOAD build/stm32f3xx_hal_flash.o
LOAD build/stm32f3xx_hal_flash_ex.o
LOAD build/stm32f3xx_hal_gpio.o
LOAD build/stm32f3xx_hal_i2c.o
LOAD build/stm32f3xx_hal_i2c_ex.o
LOAD build/stm32f3xx_hal_pwr.o
LOAD build/stm32f3xx_hal_pwr_ex.o
LOAD build/stm32f3xx_hal_rcc.o
LOAD build/stm32f3xx_hal_rcc_ex.o
LOAD build/stm32f3xx_hal_tim.o
LOAD build/stm32f3xx_hal_tim_ex.o
LOAD build/main.o
LOAD build/stm32f3xx_hal_msp.o
LOAD build/stm32f3xx_it.o
LOAD build/startup_stm32f303xc.o
LOAD /usr/lib/gcc/arm-none-eabi/4.8/../../../arm-none-eabi/lib/armv7e-m/fpu/libc_nano.a
LOAD /usr/lib/gcc/arm-none-eabi/4.8/../../../arm-none-eabi/lib/armv7e-m/fpu/librdimon_nano.a
LOAD /usr/lib/gcc/arm-none-eabi/4.8/../../../arm-none-eabi/lib/armv7e-m/fpu/libc_nano.a
LOAD /usr/lib/gcc/arm-none-eabi/4.8/../../../arm-none-eabi/lib/armv7e-m/fpu/libm.a
LOAD /usr/lib/gcc/arm-none-eabi/4.8/../../../arm-none-eabi/lib/armv7e-m/fpu/libnosys.a
START GROUP
LOAD /usr/lib/gcc/arm-none-eabi/4.8/armv7e-m/fpu/libgcc.a
LOAD /usr/lib/gcc/arm-none-eabi/4.8/../../../arm-none-eabi/lib/armv7e-m/fpu/libc_nano.a
END GROUP
START GROUP
LOAD /usr/lib/gcc/arm-none-eabi/4.8/armv7e-m/fpu/libgcc.a
LOAD /usr/lib/gcc/arm-none-eabi/4.8/../../../arm-none-eabi/lib/armv7e-m/fpu/libc_nano.a
LOAD /usr/lib/gcc/arm-none-eabi/4.8/../../../arm-none-eabi/lib/armv7e-m/fpu/libnosys.a
END GROUP
START GROUP
LOAD /usr/lib/gcc/arm-none-eabi/4.8/armv7e-m/fpu/libgcc.a
LOAD /usr/lib/gcc/arm-none-eabi/4.8/../../../arm-none-eabi/lib/armv7e-m/fpu/libc_nano.a
LOAD /usr/lib/gcc/arm-none-eabi/4.8/../../../arm-none-eabi/lib/armv7e-m/fpu/librdimon_nano.a
LOAD /usr/lib/gcc/arm-none-eabi/4.8/../../../arm-none-eabi/lib/armv7e-m/fpu/libnosys.a
END GROUP
START GROUP
LOAD /usr/lib/gcc/arm-none-eabi/4.8/armv7e-m/fpu/libgcc.a
LOAD /usr/lib/gcc/arm-none-eabi/4.8/../../../arm-none-eabi/lib/armv7e-m/fpu/libc_nano.a
LOAD /usr/lib/gcc/arm-none-eabi/4.8/../../../arm-none-eabi/lib/armv7e-m/fpu/librdimon_nano.a
END GROUP
LOAD /usr/lib/gcc/arm-none-eabi/4.8/armv7e-m/fpu/crtend.o
LOAD /usr/lib/gcc/arm-none-eabi/4.8/armv7e-m/fpu/crtn.o
                0x000000002000a000                _estack = 0x2000a000
                0x0000000000000200                _Min_Heap_Size = 0x200
                0x0000000000000400                _Min_Stack_Size = 0x400

.isr_vector     0x0000000008000000      0x188
                0x0000000008000000                . = ALIGN (0x4)
 *(.isr_vector)
 .isr_vector    0x0000000008000000      0x188 build/startup_stm32f303xc.o
                0x0000000008000000                g_pfnVectors
                0x0000000008000188                . = ALIGN (0x4)

.text           0x0000000008000188     0x5a5c
                0x0000000008000188                . = ALIGN (0x4)
 *(.text)
 .text          0x0000000008000188       0xac /usr/lib/gcc/arm-none-eabi/4.8/armv7e-m/fpu/crtbegin.o
 .text          0x0000000008000234      0x370 /usr/lib/gcc/arm-none-eabi/4.8/armv7e-m/fpu/libgcc.a(_arm_addsubdf3.o)
                0x0000000008000234                __aeabi_drsub
                0x000000000800023c                __aeabi_dsub
                0x000000000800023c                __subdf3
                0x0000000008000240                __adddf3
                0x0000000008000240                __aeabi_dadd
                0x00000000080004b8                __aeabi_ui2d
                0x00000000080004b8                __floatunsidf
                0x00000000080004d8                __floatsidf
                0x00000000080004d8                __aeabi_i2d
                0x00000000080004fc                __extendsfdf2
                0x00000000080004fc                __aeabi_f2d
                0x0000000008000538                __aeabi_ul2d
                0x0000000008000538                __floatundidf
                0x0000000008000548                __floatdidf
                0x0000000008000548                __aeabi_l2d
 .text          0x00000000080005a4      0x424 /usr/lib/gcc/arm-none-eabi/4.8/armv7e-m/fpu/libgcc.a(_arm_muldivdf3.o)
                0x00000000080005a4                __aeabi_dmul
                0x00000000080005a4                __muldf3
                0x00000000080007f8                __aeabi_ddiv
                0x00000000080007f8                __divdf3
 .text          0x00000000080009c8      0x110 /usr/lib/gcc/arm-none-eabi/4.8/armv7e-m/fpu/libgcc.a(_arm_cmpdf2.o)
                0x00000000080009c8                __gtdf2
                0x00000000080009c8                __gedf2
                0x00000000080009d0                __ltdf2
                0x00000000080009d0                __ledf2
                0x00000000080009d8                __cmpdf2
                0x00000000080009d8                __eqdf2
                0x00000000080009d8                __nedf2
                0x0000000008000a54                __aeabi_cdrcmple
                0x0000000008000a64                __aeabi_cdcmple
                0x0000000008000a64                __aeabi_cdcmpeq
                0x0000000008000a74                __aeabi_dcmpeq
                0x0000000008000a88                __aeabi_dcmplt
                0x0000000008000a9c                __aeabi_dcmple
                0x0000000008000ab0                __aeabi_dcmpge
                0x0000000008000ac4                __aeabi_dcmpgt
 .text          0x0000000008000ad8       0x50 /usr/lib/gcc/arm-none-eabi/4.8/armv7e-m/fpu/libgcc.a(_arm_fixdfsi.o)
                0x0000000008000ad8                __fixdfsi
                0x0000000008000ad8                __aeabi_d2iz
 *(.text*)
 .text.SystemInit
                0x0000000008000b28       0x94 build/system_stm32f3xx.o
                0x0000000008000b28                SystemInit
 .text.HAL_Init
                0x0000000008000bbc       0x2c build/stm32f3xx_hal.o
                0x0000000008000bbc                HAL_Init
 .text.HAL_InitTick
                0x0000000008000be8       0x38 build/stm32f3xx_hal.o
                0x0000000008000be8                HAL_InitTick
 .text.HAL_IncTick
                0x0000000008000c20       0x1c build/stm32f3xx_hal.o
                0x0000000008000c20                HAL_IncTick
 .text.HAL_GetTick
                0x0000000008000c3c       0x18 build/stm32f3xx_hal.o
                0x0000000008000c3c                HAL_GetTick
 .text.HAL_Delay
                0x0000000008000c54       0x28 build/stm32f3xx_hal.o
                0x0000000008000c54                HAL_Delay
 .text.NVIC_SetPriorityGrouping
                0x0000000008000c7c       0x48 build/stm32f3xx_hal_cortex.o
 .text.NVIC_GetPriorityGrouping
                0x0000000008000cc4       0x1c build/stm32f3xx_hal_cortex.o
 .text.NVIC_SetPriority
                0x0000000008000ce0       0x54 build/stm32f3xx_hal_cortex.o
 .text.NVIC_EncodePriority
                0x0000000008000d34       0x64 build/stm32f3xx_hal_cortex.o
 .text.SysTick_Config
                0x0000000008000d98       0x44 build/stm32f3xx_hal_cortex.o
 .text.HAL_NVIC_SetPriorityGrouping
                0x0000000008000ddc       0x14 build/stm32f3xx_hal_cortex.o
                0x0000000008000ddc                HAL_NVIC_SetPriorityGrouping
 .text.HAL_NVIC_SetPriority
                0x0000000008000df0       0x38 build/stm32f3xx_hal_cortex.o
                0x0000000008000df0                HAL_NVIC_SetPriority
 .text.HAL_SYSTICK_Config
                0x0000000008000e28       0x18 build/stm32f3xx_hal_cortex.o
                0x0000000008000e28                HAL_SYSTICK_Config
 .text.HAL_SYSTICK_CLKSourceConfig
                0x0000000008000e40       0x38 build/stm32f3xx_hal_cortex.o
                0x0000000008000e40                HAL_SYSTICK_CLKSourceConfig
 .text.HAL_SYSTICK_IRQHandler
                0x0000000008000e78        0xc build/stm32f3xx_hal_cortex.o
                0x0000000008000e78                HAL_SYSTICK_IRQHandler
 .text.HAL_SYSTICK_Callback
                0x0000000008000e84        0xc build/stm32f3xx_hal_cortex.o
                0x0000000008000e84                HAL_SYSTICK_Callback
 .text.HAL_GPIO_Init
                0x0000000008000e90      0x2f8 build/stm32f3xx_hal_gpio.o
                0x0000000008000e90                HAL_GPIO_Init
 .text.HAL_GPIO_WritePin
                0x0000000008001188       0x30 build/stm32f3xx_hal_gpio.o
                0x0000000008001188                HAL_GPIO_WritePin
 .text.HAL_RCC_OscConfig
                0x00000000080011b8     0x1170 build/stm32f3xx_hal_rcc.o
                0x00000000080011b8                HAL_RCC_OscConfig
 .text.HAL_RCC_ClockConfig
                0x0000000008002328      0x3f8 build/stm32f3xx_hal_rcc.o
                0x0000000008002328                HAL_RCC_ClockConfig
 .text.HAL_RCC_GetSysClockFreq
                0x0000000008002720       0xd4 build/stm32f3xx_hal_rcc.o
                0x0000000008002720                HAL_RCC_GetSysClockFreq
 .text.HAL_RCC_GetHCLKFreq
                0x00000000080027f4       0x18 build/stm32f3xx_hal_rcc.o
                0x00000000080027f4                HAL_RCC_GetHCLKFreq
 .text.HAL_RCCEx_PeriphCLKConfig
                0x000000000800280c      0x398 build/stm32f3xx_hal_rcc_ex.o
                0x000000000800280c                HAL_RCCEx_PeriphCLKConfig
 .text.HAL_TIM_Encoder_Init
                0x0000000008002ba4      0x130 build/stm32f3xx_hal_tim.o
                0x0000000008002ba4                HAL_TIM_Encoder_Init
 .text.TIM_Base_SetConfig
                0x0000000008002cd4      0x114 build/stm32f3xx_hal_tim.o
                0x0000000008002cd4                TIM_Base_SetConfig
 .text.HAL_TIMEx_MasterConfigSynchronization
                0x0000000008002de8       0xa8 build/stm32f3xx_hal_tim_ex.o
                0x0000000008002de8                HAL_TIMEx_MasterConfigSynchronization
 .text.main     0x0000000008002e90       0x40 build/main.o
                0x0000000008002e90                main
 .text.SystemClock_Config
                0x0000000008002ed0       0xac build/main.o
                0x0000000008002ed0                SystemClock_Config
 .text.MX_TIM1_Init
                0x0000000008002f7c       0x94 build/main.o
 .text.MX_GPIO_Init
                0x0000000008003010       0xf8 build/main.o
 .text.Error_Handler
                0x0000000008003108        0x8 build/main.o
                0x0000000008003108                Error_Handler
 .text.HAL_MspInit
                0x0000000008003110       0x84 build/stm32f3xx_hal_msp.o
                0x0000000008003110                HAL_MspInit
 .text.HAL_TIM_Encoder_MspInit
                0x0000000008003194       0x5c build/stm32f3xx_hal_msp.o
                0x0000000008003194                HAL_TIM_Encoder_MspInit
 .text.SysTick_Handler
                0x00000000080031f0       0x10 build/stm32f3xx_it.o
                0x00000000080031f0                SysTick_Handler
 .text.Reset_Handler
                0x0000000008003200       0x50 build/startup_stm32f303xc.o
                0x0000000008003200                Reset_Handler
 .text.Default_Handler
                0x0000000008003250        0x2 build/startup_stm32f303xc.o
                0x0000000008003250                RTC_Alarm_IRQHandler
                0x0000000008003250                TIM8_TRG_COM_IRQHandler
                0x0000000008003250                TIM8_CC_IRQHandler
                0x0000000008003250                DebugMon_Handler
                0x0000000008003250                TIM1_CC_IRQHandler
                0x0000000008003250                HardFault_Handler
                0x0000000008003250                USB_HP_IRQHandler
                0x0000000008003250                PVD_IRQHandler
                0x0000000008003250                TAMP_STAMP_IRQHandler
                0x0000000008003250                PendSV_Handler
                0x0000000008003250                NMI_Handler
                0x0000000008003250                EXTI3_IRQHandler
                0x0000000008003250                USB_HP_CAN_TX_IRQHandler
                0x0000000008003250                EXTI0_IRQHandler
                0x0000000008003250                I2C2_EV_IRQHandler
                0x0000000008003250                FPU_IRQHandler
                0x0000000008003250                TIM1_UP_TIM16_IRQHandler
                0x0000000008003250                UsageFault_Handler
                0x0000000008003250                ADC1_2_IRQHandler
                0x0000000008003250                SPI1_IRQHandler
                0x0000000008003250                CAN_SCE_IRQHandler
                0x0000000008003250                TIM6_DAC_IRQHandler
                0x0000000008003250                TIM8_UP_IRQHandler
                0x0000000008003250                DMA2_Channel2_IRQHandler
                0x0000000008003250                DMA1_Channel4_IRQHandler
                0x0000000008003250                USART3_IRQHandler
                0x0000000008003250                DMA1_Channel7_IRQHandler
                0x0000000008003250                UART5_IRQHandler
                0x0000000008003250                ADC3_IRQHandler
                0x0000000008003250                TIM4_IRQHandler
                0x0000000008003250                CAN_RX1_IRQHandler
                0x0000000008003250                DMA2_Channel1_IRQHandler
                0x0000000008003250                I2C1_EV_IRQHandler
                0x0000000008003250                DMA1_Channel6_IRQHandler
                0x0000000008003250                UART4_IRQHandler
                0x0000000008003250                DMA2_Channel4_IRQHandler
                0x0000000008003250                TIM3_IRQHandler
                0x0000000008003250                RCC_IRQHandler
                0x0000000008003250                DMA1_Channel1_IRQHandler
                0x0000000008003250                Default_Handler
                0x0000000008003250                USBWakeUp_RMP_IRQHandler
                0x0000000008003250                EXTI15_10_IRQHandler
                0x0000000008003250                TIM7_IRQHandler
                0x0000000008003250                EXTI9_5_IRQHandler
                0x0000000008003250                RTC_WKUP_IRQHandler
                0x0000000008003250                SPI2_IRQHandler
                0x0000000008003250                USB_LP_CAN_RX0_IRQHandler
                0x0000000008003250                MemManage_Handler
                0x0000000008003250                SVC_Handler
                0x0000000008003250                DMA2_Channel5_IRQHandler
                0x0000000008003250                DMA1_Channel5_IRQHandler
                0x0000000008003250                USB_LP_IRQHandler
                0x0000000008003250                EXTI4_IRQHandler
                0x0000000008003250                TIM1_TRG_COM_TIM17_IRQHandler
                0x0000000008003250                DMA1_Channel3_IRQHandler
                0x0000000008003250                ADC4_IRQHandler
                0x0000000008003250                WWDG_IRQHandler
                0x0000000008003250                TIM2_IRQHandler
                0x0000000008003250                COMP7_IRQHandler
                0x0000000008003250                COMP1_2_3_IRQHandler
                0x0000000008003250                EXTI1_IRQHandler
                0x0000000008003250                USART2_IRQHandler
                0x0000000008003250                COMP4_5_6_IRQHandler
                0x0000000008003250                I2C2_ER_IRQHandler
                0x0000000008003250                DMA1_Channel2_IRQHandler
                0x0000000008003250                TIM8_BRK_IRQHandler
                0x0000000008003250                FLASH_IRQHandler
                0x0000000008003250                BusFault_Handler
                0x0000000008003250                USART1_IRQHandler
                0x0000000008003250                SPI3_IRQHandler
                0x0000000008003250                I2C1_ER_IRQHandler
                0x0000000008003250                USBWakeUp_IRQHandler
                0x0000000008003250                DMA2_Channel3_IRQHandler
                0x0000000008003250                EXTI2_TSC_IRQHandler
                0x0000000008003250                TIM1_BRK_TIM15_IRQHandler
 *fill*         0x0000000008003252        0x2 
 .text.__libc_init_array
                0x0000000008003254       0x4c /usr/lib/gcc/arm-none-eabi/4.8/../../../arm-none-eabi/lib/armv7e-m/fpu/libc_nano.a(lib_a-init.o)
                0x0000000008003254                __libc_init_array
 .text.memset   0x00000000080032a0       0x10 /usr/lib/gcc/arm-none-eabi/4.8/../../../arm-none-eabi/lib/armv7e-m/fpu/libc_nano.a(lib_a-memset.o)
                0x00000000080032a0                memset
 .text.__cvt    0x00000000080032b0       0xc0 /usr/lib/gcc/arm-none-eabi/4.8/../../../arm-none-eabi/lib/armv7e-m/fpu/libc_nano.a(lib_a-nano-vfprintf_float.o)
                0x00000000080032b0                __cvt
 .text.__exponent
                0x0000000008003370       0x66 /usr/lib/gcc/arm-none-eabi/4.8/../../../arm-none-eabi/lib/armv7e-m/fpu/libc_nano.a(lib_a-nano-vfprintf_float.o)
                0x0000000008003370                __exponent
 *fill*         0x00000000080033d6        0x2 
 .text._printf_float
                0x00000000080033d8      0x420 /usr/lib/gcc/arm-none-eabi/4.8/../../../arm-none-eabi/lib/armv7e-m/fpu/libc_nano.a(lib_a-nano-vfprintf_float.o)
                0x00000000080033d8                _printf_float
 .text._printf_common
                0x00000000080037f8       0xe4 /usr/lib/gcc/arm-none-eabi/4.8/../../../arm-none-eabi/lib/armv7e-m/fpu/libc_nano.a(lib_a-nano-vfprintf_i.o)
                0x00000000080037f8                _printf_common
 .text._printf_i
                0x00000000080038dc      0x22c /usr/lib/gcc/arm-none-eabi/4.8/../../../arm-none-eabi/lib/armv7e-m/fpu/libc_nano.a(lib_a-nano-vfprintf_i.o)
                0x00000000080038dc                _printf_i
 .text.printf   0x0000000008003b08       0x30 /usr/lib/gcc/arm-none-eabi/4.8/../../../arm-none-eabi/lib/armv7e-m/fpu/libc_nano.a(lib_a-printf.o)
                0x0000000008003b08                printf
                0x0000000008003b08                iprintf
 .text.__fpclassifyd
                0x0000000008003b38       0x48 /usr/lib/gcc/arm-none-eabi/4.8/../../../arm-none-eabi/lib/armv7e-m/fpu/libc_nano.a(lib_a-s_fpclassify.o)
                0x0000000008003b38                __fpclassifyd
 .text.strlen   0x0000000008003b80       0x10 /usr/lib/gcc/arm-none-eabi/4.8/../../../arm-none-eabi/lib/armv7e-m/fpu/libc_nano.a(lib_a-strlen.o)
                0x0000000008003b80                strlen
 .text.quorem   0x0000000008003b90      0x11a /usr/lib/gcc/arm-none-eabi/4.8/../../../arm-none-eabi/lib/armv7e-m/fpu/libc_nano.a(lib_a-dtoa.o)
 *fill*         0x0000000008003caa        0x6 
 .text._dtoa_r  0x0000000008003cb0      0xb70 /usr/lib/gcc/arm-none-eabi/4.8/../../../arm-none-eabi/lib/armv7e-m/fpu/libc_nano.a(lib_a-dtoa.o)
                0x0000000008003cb0                _dtoa_r
 .text._cleanup_r
                0x0000000008004820        0xc /usr/lib/gcc/arm-none-eabi/4.8/../../../arm-none-eabi/lib/armv7e-m/fpu/libc_nano.a(lib_a-findfp.o)
                0x0000000008004820                _cleanup_r
 .text.std.isra.0
                0x000000000800482c       0x48 /usr/lib/gcc/arm-none-eabi/4.8/../../../arm-none-eabi/lib/armv7e-m/fpu/libc_nano.a(lib_a-findfp.o)
 .text.__sfmoreglue
                0x0000000008004874       0x2c /usr/lib/gcc/arm-none-eabi/4.8/../../../arm-none-eabi/lib/armv7e-m/fpu/libc_nano.a(lib_a-findfp.o)
                0x0000000008004874                __sfmoreglue
 .text.__sinit  0x00000000080048a0       0x60 /usr/lib/gcc/arm-none-eabi/4.8/../../../arm-none-eabi/lib/armv7e-m/fpu/libc_nano.a(lib_a-findfp.o)
                0x00000000080048a0                __sinit
 .text.__sfp    0x0000000008004900       0x74 /usr/lib/gcc/arm-none-eabi/4.8/../../../arm-none-eabi/lib/armv7e-m/fpu/libc_nano.a(lib_a-findfp.o)
                0x0000000008004900                __sfp
 .text.__sfp_lock_acquire
                0x0000000008004974        0x2 /usr/lib/gcc/arm-none-eabi/4.8/../../../arm-none-eabi/lib/armv7e-m/fpu/libc_nano.a(lib_a-findfp.o)
                0x0000000008004974                __sfp_lock_acquire
 .text.__sfp_lock_release
                0x0000000008004976        0x2 /usr/lib/gcc/arm-none-eabi/4.8/../../../arm-none-eabi/lib/armv7e-m/fpu/libc_nano.a(lib_a-findfp.o)
                0x0000000008004976                __sfp_lock_release
 .text._fwalk_reent
                0x0000000008004978       0x3c /usr/lib/gcc/arm-none-eabi/4.8/../../../arm-none-eabi/lib/armv7e-m/fpu/libc_nano.a(lib_a-fwalk.o)
                0x0000000008004978                _fwalk_reent
 .text._localeconv_r
                0x00000000080049b4        0x8 /usr/lib/gcc/arm-none-eabi/4.8/../../../arm-none-eabi/lib/armv7e-m/fpu/libc_nano.a(lib_a-locale.o)
                0x00000000080049b4                _localeconv_r
 .text.malloc   0x00000000080049bc       0x10 /usr/lib/gcc/arm-none-eabi/4.8/../../../arm-none-eabi/lib/armv7e-m/fpu/libc_nano.a(lib_a-malloc.o)
                0x00000000080049bc                malloc
 .text.memcpy   0x00000000080049cc       0x12 /usr/lib/gcc/arm-none-eabi/4.8/../../../arm-none-eabi/lib/armv7e-m/fpu/libc_nano.a(lib_a-memcpy-stub.o)
                0x00000000080049cc                memcpy
 .text._Balloc  0x00000000080049de       0x6a /usr/lib/gcc/arm-none-eabi/4.8/../../../arm-none-eabi/lib/armv7e-m/fpu/libc_nano.a(lib_a-mprec.o)
                0x00000000080049de                _Balloc
 .text._Bfree   0x0000000008004a48       0x2e /usr/lib/gcc/arm-none-eabi/4.8/../../../arm-none-eabi/lib/armv7e-m/fpu/libc_nano.a(lib_a-mprec.o)
                0x0000000008004a48                _Bfree
 .text.__multadd
                0x0000000008004a76       0x74 /usr/lib/gcc/arm-none-eabi/4.8/../../../arm-none-eabi/lib/armv7e-m/fpu/libc_nano.a(lib_a-mprec.o)
                0x0000000008004a76                __multadd
 .text.__hi0bits
                0x0000000008004aea       0x40 /usr/lib/gcc/arm-none-eabi/4.8/../../../arm-none-eabi/lib/armv7e-m/fpu/libc_nano.a(lib_a-mprec.o)
                0x0000000008004aea                __hi0bits
 .text.__lo0bits
                0x0000000008004b2a       0x5a /usr/lib/gcc/arm-none-eabi/4.8/../../../arm-none-eabi/lib/armv7e-m/fpu/libc_nano.a(lib_a-mprec.o)
                0x0000000008004b2a                __lo0bits
 .text.__i2b    0x0000000008004b84       0x12 /usr/lib/gcc/arm-none-eabi/4.8/../../../arm-none-eabi/lib/armv7e-m/fpu/libc_nano.a(lib_a-mprec.o)
                0x0000000008004b84                __i2b
 .text.__multiply
                0x0000000008004b96      0x130 /usr/lib/gcc/arm-none-eabi/4.8/../../../arm-none-eabi/lib/armv7e-m/fpu/libc_nano.a(lib_a-mprec.o)
                0x0000000008004b96                __multiply
 *fill*         0x0000000008004cc6        0x2 
 .text.__pow5mult
                0x0000000008004cc8       0x9c /usr/lib/gcc/arm-none-eabi/4.8/../../../arm-none-eabi/lib/armv7e-m/fpu/libc_nano.a(lib_a-mprec.o)
                0x0000000008004cc8                __pow5mult
 .text.__lshift
                0x0000000008004d64       0xa6 /usr/lib/gcc/arm-none-eabi/4.8/../../../arm-none-eabi/lib/armv7e-m/fpu/libc_nano.a(lib_a-mprec.o)
                0x0000000008004d64                __lshift
 .text.__mcmp   0x0000000008004e0a       0x3a /usr/lib/gcc/arm-none-eabi/4.8/../../../arm-none-eabi/lib/armv7e-m/fpu/libc_nano.a(lib_a-mprec.o)
                0x0000000008004e0a                __mcmp
 .text.__mdiff  0x0000000008004e44       0xbc /usr/lib/gcc/arm-none-eabi/4.8/../../../arm-none-eabi/lib/armv7e-m/fpu/libc_nano.a(lib_a-mprec.o)
                0x0000000008004e44                __mdiff
 .text.__d2b    0x0000000008004f00       0xa0 /usr/lib/gcc/arm-none-eabi/4.8/../../../arm-none-eabi/lib/armv7e-m/fpu/libc_nano.a(lib_a-mprec.o)
                0x0000000008004f00                __d2b
 .text._calloc_r
                0x0000000008004fa0       0x1c /usr/lib/gcc/arm-none-eabi/4.8/../../../arm-none-eabi/lib/armv7e-m/fpu/libc_nano.a(lib_a-nano-callocr.o)
                0x0000000008004fa0                _calloc_r
 .text._free_r  0x0000000008004fbc       0x88 /usr/lib/gcc/arm-none-eabi/4.8/../../../arm-none-eabi/lib/armv7e-m/fpu/libc_nano.a(lib_a-nano-freer.o)
                0x0000000008004fbc                _free_r
 .text._malloc_r
                0x0000000008005044       0xac /usr/lib/gcc/arm-none-eabi/4.8/../../../arm-none-eabi/lib/armv7e-m/fpu/libc_nano.a(lib_a-nano-mallocr.o)
                0x0000000008005044                _malloc_r
 .text.__sfputc_r
                0x00000000080050f0       0x2c /usr/lib/gcc/arm-none-eabi/4.8/../../../arm-none-eabi/lib/armv7e-m/fpu/libc_nano.a(lib_a-nano-vfprintf.o)
 .text.__sfputs_r
                0x000000000800511c       0x24 /usr/lib/gcc/arm-none-eabi/4.8/../../../arm-none-eabi/lib/armv7e-m/fpu/libc_nano.a(lib_a-nano-vfprintf.o)
                0x000000000800511c                __sfputs_r
 .text._vfprintf_r
                0x0000000008005140      0x208 /usr/lib/gcc/arm-none-eabi/4.8/../../../arm-none-eabi/lib/armv7e-m/fpu/libc_nano.a(lib_a-nano-vfprintf.o)
                0x0000000008005140                _vfiprintf_r
                0x0000000008005140                _vfprintf_r
 .text._sbrk_r  0x0000000008005348       0x20 /usr/lib/gcc/arm-none-eabi/4.8/../../../arm-none-eabi/lib/armv7e-m/fpu/libc_nano.a(lib_a-sbrkr.o)
                0x0000000008005348                _sbrk_r
 .text.__sread  0x0000000008005368       0x22 /usr/lib/gcc/arm-none-eabi/4.8/../../../arm-none-eabi/lib/armv7e-m/fpu/libc_nano.a(lib_a-stdio.o)
                0x0000000008005368                __sread
 .text.__swrite
                0x000000000800538a       0x38 /usr/lib/gcc/arm-none-eabi/4.8/../../../arm-none-eabi/lib/armv7e-m/fpu/libc_nano.a(lib_a-stdio.o)
                0x000000000800538a                __swrite
 .text.__sseek  0x00000000080053c2       0x24 /usr/lib/gcc/arm-none-eabi/4.8/../../../arm-none-eabi/lib/armv7e-m/fpu/libc_nano.a(lib_a-stdio.o)
                0x00000000080053c2                __sseek
 .text.__sclose
                0x00000000080053e6        0x8 /usr/lib/gcc/arm-none-eabi/4.8/../../../arm-none-eabi/lib/armv7e-m/fpu/libc_nano.a(lib_a-stdio.o)
                0x00000000080053e6                __sclose
 *fill*         0x00000000080053ee        0x2 
 .text.__swbuf_r
                0x00000000080053f0       0xa8 /usr/lib/gcc/arm-none-eabi/4.8/../../../arm-none-eabi/lib/armv7e-m/fpu/libc_nano.a(lib_a-wbuf.o)
                0x00000000080053f0                __swbuf_r
 .text._write_r
                0x0000000008005498       0x24 /usr/lib/gcc/arm-none-eabi/4.8/../../../arm-none-eabi/lib/armv7e-m/fpu/libc_nano.a(lib_a-writer.o)
                0x0000000008005498                _write_r
 .text.__swsetup_r
                0x00000000080054bc       0xdc /usr/lib/gcc/arm-none-eabi/4.8/../../../arm-none-eabi/lib/armv7e-m/fpu/libc_nano.a(lib_a-wsetup.o)
                0x00000000080054bc                __swsetup_r
 .text._close_r
                0x0000000008005598       0x20 /usr/lib/gcc/arm-none-eabi/4.8/../../../arm-none-eabi/lib/armv7e-m/fpu/libc_nano.a(lib_a-closer.o)
                0x0000000008005598                _close_r
 .text._fclose_r
                0x00000000080055b8       0xa4 /usr/lib/gcc/arm-none-eabi/4.8/../../../arm-none-eabi/lib/armv7e-m/fpu/libc_nano.a(lib_a-fclose.o)
                0x00000000080055b8                _fclose_r
 .text.__sflush_r
                0x000000000800565c      0x106 /usr/lib/gcc/arm-none-eabi/4.8/../../../arm-none-eabi/lib/armv7e-m/fpu/libc_nano.a(lib_a-fflush.o)
                0x000000000800565c                __sflush_r
 *fill*         0x0000000008005762        0x2 
 .text._fflush_r
                0x0000000008005764       0x54 /usr/lib/gcc/arm-none-eabi/4.8/../../../arm-none-eabi/lib/armv7e-m/fpu/libc_nano.a(lib_a-fflush.o)
                0x0000000008005764                _fflush_r
 .text._lseek_r
                0x00000000080057b8       0x24 /usr/lib/gcc/arm-none-eabi/4.8/../../../arm-none-eabi/lib/armv7e-m/fpu/libc_nano.a(lib_a-lseekr.o)
                0x00000000080057b8                _lseek_r
 .text.__smakebuf_r
                0x00000000080057dc       0x9c /usr/lib/gcc/arm-none-eabi/4.8/../../../arm-none-eabi/lib/armv7e-m/fpu/libc_nano.a(lib_a-makebuf.o)
                0x00000000080057dc                __smakebuf_r
 .text.memchr   0x0000000008005878       0x1e /usr/lib/gcc/arm-none-eabi/4.8/../../../arm-none-eabi/lib/armv7e-m/fpu/libc_nano.a(lib_a-memchr-stub.o)
                0x0000000008005878                memchr
 *fill*         0x0000000008005896        0x2 
 .text._read_r  0x0000000008005898       0x24 /usr/lib/gcc/arm-none-eabi/4.8/../../../arm-none-eabi/lib/armv7e-m/fpu/libc_nano.a(lib_a-readr.o)
                0x0000000008005898                _read_r
 .text._fstat_r
                0x00000000080058bc       0x24 /usr/lib/gcc/arm-none-eabi/4.8/../../../arm-none-eabi/lib/armv7e-m/fpu/libc_nano.a(lib_a-fstatr.o)
                0x00000000080058bc                _fstat_r
 .text._isatty_r
                0x00000000080058e0       0x20 /usr/lib/gcc/arm-none-eabi/4.8/../../../arm-none-eabi/lib/armv7e-m/fpu/libc_nano.a(lib_a-isattyr.o)
                0x00000000080058e0                _isatty_r
 .text.findslot
                0x0000000008005900       0x34 /usr/lib/gcc/arm-none-eabi/4.8/../../../arm-none-eabi/lib/armv7e-m/fpu/librdimon_nano.a(rdimon-syscalls.o)
 .text.error    0x0000000008005934       0x1c /usr/lib/gcc/arm-none-eabi/4.8/../../../arm-none-eabi/lib/armv7e-m/fpu/librdimon_nano.a(rdimon-syscalls.o)
 .text.checkerror
                0x0000000008005950        0xa /usr/lib/gcc/arm-none-eabi/4.8/../../../arm-none-eabi/lib/armv7e-m/fpu/librdimon_nano.a(rdimon-syscalls.o)
 .text._swiread
                0x000000000800595a       0x20 /usr/lib/gcc/arm-none-eabi/4.8/../../../arm-none-eabi/lib/armv7e-m/fpu/librdimon_nano.a(rdimon-syscalls.o)
                0x000000000800595a                _swiread
 .text._read    0x000000000800597a       0x34 /usr/lib/gcc/arm-none-eabi/4.8/../../../arm-none-eabi/lib/armv7e-m/fpu/librdimon_nano.a(rdimon-syscalls.o)
                0x000000000800597a                _read
 .text._swilseek
                0x00000000080059ae       0x7c /usr/lib/gcc/arm-none-eabi/4.8/../../../arm-none-eabi/lib/armv7e-m/fpu/librdimon_nano.a(rdimon-syscalls.o)
                0x00000000080059ae                _swilseek
 .text._lseek   0x0000000008005a2a        0x4 /usr/lib/gcc/arm-none-eabi/4.8/../../../arm-none-eabi/lib/armv7e-m/fpu/librdimon_nano.a(rdimon-syscalls.o)
                0x0000000008005a2a                _lseek
 .text._swiwrite
                0x0000000008005a2e       0x20 /usr/lib/gcc/arm-none-eabi/4.8/../../../arm-none-eabi/lib/armv7e-m/fpu/librdimon_nano.a(rdimon-syscalls.o)
                0x0000000008005a2e                _swiwrite
 .text._write   0x0000000008005a4e       0x42 /usr/lib/gcc/arm-none-eabi/4.8/../../../arm-none-eabi/lib/armv7e-m/fpu/librdimon_nano.a(rdimon-syscalls.o)
                0x0000000008005a4e                _write
 .text._swiclose
                0x0000000008005a90       0x1c /usr/lib/gcc/arm-none-eabi/4.8/../../../arm-none-eabi/lib/armv7e-m/fpu/librdimon_nano.a(rdimon-syscalls.o)
                0x0000000008005a90                _swiclose
 .text._close   0x0000000008005aac       0x48 /usr/lib/gcc/arm-none-eabi/4.8/../../../arm-none-eabi/lib/armv7e-m/fpu/librdimon_nano.a(rdimon-syscalls.o)
                0x0000000008005aac                _close
 .text._sbrk    0x0000000008005af4       0x34 /usr/lib/gcc/arm-none-eabi/4.8/../../../arm-none-eabi/lib/armv7e-m/fpu/librdimon_nano.a(rdimon-syscalls.o)
                0x0000000008005af4                _sbrk
 .text._swistat
                0x0000000008005b28       0x42 /usr/lib/gcc/arm-none-eabi/4.8/../../../arm-none-eabi/lib/armv7e-m/fpu/librdimon_nano.a(rdimon-syscalls.o)
                0x0000000008005b28                _swistat
 .text._fstat   0x0000000008005b6a       0x1c /usr/lib/gcc/arm-none-eabi/4.8/../../../arm-none-eabi/lib/armv7e-m/fpu/librdimon_nano.a(rdimon-syscalls.o)
                0x0000000008005b6a                _fstat
 .text._isatty  0x0000000008005b86       0x38 /usr/lib/gcc/arm-none-eabi/4.8/../../../arm-none-eabi/lib/armv7e-m/fpu/librdimon_nano.a(rdimon-syscalls.o)
                0x0000000008005b86                _isatty
 *fill*         0x0000000008005bbe        0x2 
 .text.__errno  0x0000000008005bc0        0xc /usr/lib/gcc/arm-none-eabi/4.8/../../../arm-none-eabi/lib/armv7e-m/fpu/libc_nano.a(lib_a-errno.o)
                0x0000000008005bc0                __errno
 *(.glue_7)
 .glue_7        0x0000000008005bcc        0x0 linker stubs
 *(.glue_7t)
 .glue_7t       0x0000000008005bcc        0x0 linker stubs
 *(.eh_frame)
 .eh_frame      0x0000000008005bcc        0x0 /usr/lib/gcc/arm-none-eabi/4.8/armv7e-m/fpu/crtbegin.o
 *(.init)
 .init          0x0000000008005bcc        0x4 /usr/lib/gcc/arm-none-eabi/4.8/armv7e-m/fpu/crti.o
                0x0000000008005bcc                _init
 .init          0x0000000008005bd0        0x8 /usr/lib/gcc/arm-none-eabi/4.8/armv7e-m/fpu/crtn.o
 *(.fini)
 .fini          0x0000000008005bd8        0x4 /usr/lib/gcc/arm-none-eabi/4.8/armv7e-m/fpu/crti.o
                0x0000000008005bd8                _fini
 .fini          0x0000000008005bdc        0x8 /usr/lib/gcc/arm-none-eabi/4.8/armv7e-m/fpu/crtn.o
                0x0000000008005be4                . = ALIGN (0x4)
                0x0000000008005be4                _etext = .

.vfp11_veneer   0x0000000008005be4        0x0
 .vfp11_veneer  0x0000000008005be4        0x0 linker stubs

.v4_bx          0x0000000008005be4        0x0
 .v4_bx         0x0000000008005be4        0x0 linker stubs

.iplt           0x0000000008005be4        0x0
 .iplt          0x0000000008005be4        0x0 /usr/lib/gcc/arm-none-eabi/4.8/armv7e-m/fpu/crtbegin.o

.rodata         0x0000000008005be8      0x1f8
                0x0000000008005be8                . = ALIGN (0x4)
 *(.rodata)
 .rodata        0x0000000008005be8        0x4 build/main.o
 *(.rodata*)
 .rodata.AHBPrescTable
                0x0000000008005bec       0x10 build/system_stm32f3xx.o
                0x0000000008005bec                AHBPrescTable
 .rodata.aPLLMULFactorTable
                0x0000000008005bfc       0x10 build/stm32f3xx_hal_rcc.o
                0x0000000008005bfc                aPLLMULFactorTable
 .rodata.aPredivFactorTable
                0x0000000008005c0c       0x10 build/stm32f3xx_hal_rcc.o
                0x0000000008005c0c                aPredivFactorTable
 .rodata.str1.1
                0x0000000008005c1c        0x2 /usr/lib/gcc/arm-none-eabi/4.8/../../../arm-none-eabi/lib/armv7e-m/fpu/libc_nano.a(lib_a-impure.o)
 *fill*         0x0000000008005c1e        0x2 
 .rodata._global_impure_ptr
                0x0000000008005c20        0x4 /usr/lib/gcc/arm-none-eabi/4.8/../../../arm-none-eabi/lib/armv7e-m/fpu/libc_nano.a(lib_a-impure.o)
                0x0000000008005c20                _global_impure_ptr
 .rodata.str1.1
                0x0000000008005c24       0x12 /usr/lib/gcc/arm-none-eabi/4.8/../../../arm-none-eabi/lib/armv7e-m/fpu/libc_nano.a(lib_a-nano-vfprintf_float.o)
 .rodata.str1.1
                0x0000000008005c36       0x22 /usr/lib/gcc/arm-none-eabi/4.8/../../../arm-none-eabi/lib/armv7e-m/fpu/libc_nano.a(lib_a-nano-vfprintf_i.o)
 .rodata.str1.1
                0x0000000008005c58        0xd /usr/lib/gcc/arm-none-eabi/4.8/../../../arm-none-eabi/lib/armv7e-m/fpu/libc_nano.a(lib_a-dtoa.o)
                                          0xf (size before relaxing)
 *fill*         0x0000000008005c65        0x3 
 .rodata.__sf_fake_stdin
                0x0000000008005c68       0x20 /usr/lib/gcc/arm-none-eabi/4.8/../../../arm-none-eabi/lib/armv7e-m/fpu/libc_nano.a(lib_a-findfp.o)
                0x0000000008005c68                __sf_fake_stdin
 .rodata.__sf_fake_stdout
                0x0000000008005c88       0x20 /usr/lib/gcc/arm-none-eabi/4.8/../../../arm-none-eabi/lib/armv7e-m/fpu/libc_nano.a(lib_a-findfp.o)
                0x0000000008005c88                __sf_fake_stdout
 .rodata.__sf_fake_stderr
                0x0000000008005ca8       0x20 /usr/lib/gcc/arm-none-eabi/4.8/../../../arm-none-eabi/lib/armv7e-m/fpu/libc_nano.a(lib_a-findfp.o)
                0x0000000008005ca8                __sf_fake_stderr
 .rodata.str1.1
                0x0000000008005cc8        0x8 /usr/lib/gcc/arm-none-eabi/4.8/../../../arm-none-eabi/lib/armv7e-m/fpu/libc_nano.a(lib_a-locale.o)
                                          0xb (size before relaxing)
 .rodata.__mprec_tens
                0x0000000008005cd0       0xc8 /usr/lib/gcc/arm-none-eabi/4.8/../../../arm-none-eabi/lib/armv7e-m/fpu/libc_nano.a(lib_a-mprec.o)
                0x0000000008005cd0                __mprec_tens
 .rodata.__mprec_bigtens
                0x0000000008005d98       0x28 /usr/lib/gcc/arm-none-eabi/4.8/../../../arm-none-eabi/lib/armv7e-m/fpu/libc_nano.a(lib_a-mprec.o)
                0x0000000008005d98                __mprec_bigtens
 .rodata.p05.5281
                0x0000000008005dc0        0xc /usr/lib/gcc/arm-none-eabi/4.8/../../../arm-none-eabi/lib/armv7e-m/fpu/libc_nano.a(lib_a-mprec.o)
 .rodata.str1.1
                0x0000000008005dcc       0x11 /usr/lib/gcc/arm-none-eabi/4.8/../../../arm-none-eabi/lib/armv7e-m/fpu/libc_nano.a(lib_a-nano-vfprintf.o)
                0x0000000008005de0                . = ALIGN (0x4)
 *fill*         0x0000000008005ddd        0x3 

.rel.dyn        0x0000000008005de0        0x0
 .rel.iplt      0x0000000008005de0        0x0 /usr/lib/gcc/arm-none-eabi/4.8/armv7e-m/fpu/crtbegin.o

.ARM.extab
 *(.ARM.extab* .gnu.linkonce.armextab.*)

.ARM            0x0000000008005de0        0x0
                0x0000000008005de0                __exidx_start = .
 *(.ARM.exidx*)
                0x0000000008005de0                __exidx_end = .

.preinit_array  0x0000000008005de0        0x0
                0x0000000008005de0                PROVIDE (__preinit_array_start, .)
 *(.preinit_array*)
                0x0000000008005de0                PROVIDE (__preinit_array_end, .)

.init_array     0x0000000008005de0        0x4
                0x0000000008005de0                PROVIDE (__init_array_start, .)
 *(SORT(.init_array.*))
 *(.init_array*)
 .init_array    0x0000000008005de0        0x4 /usr/lib/gcc/arm-none-eabi/4.8/armv7e-m/fpu/crtbegin.o
                0x0000000008005de4                PROVIDE (__init_array_end, .)

.fini_array     0x0000000008005de4        0x4
                0x0000000008005de4                PROVIDE (__fini_array_start, .)
 *(SORT(.fini_array.*))
 *(.fini_array*)
 .fini_array    0x0000000008005de4        0x4 /usr/lib/gcc/arm-none-eabi/4.8/armv7e-m/fpu/crtbegin.o
                0x0000000008005de8                PROVIDE (__fini_array_end, .)
                0x0000000008005de8                _sidata = LOADADDR (.data)

.data           0x0000000020000000       0xa0 load address 0x0000000008005de8
                0x0000000020000000                . = ALIGN (0x4)
                0x0000000020000000                _sdata = .
 *(.data)
 *(.data*)
 .data.SystemCoreClock
                0x0000000020000000        0x4 build/system_stm32f3xx.o
                0x0000000020000000                SystemCoreClock
 .data.impure_data
                0x0000000020000004       0x60 /usr/lib/gcc/arm-none-eabi/4.8/../../../arm-none-eabi/lib/armv7e-m/fpu/libc_nano.a(lib_a-impure.o)
 .data._impure_ptr
                0x0000000020000064        0x4 /usr/lib/gcc/arm-none-eabi/4.8/../../../arm-none-eabi/lib/armv7e-m/fpu/libc_nano.a(lib_a-impure.o)
                0x0000000020000064                _impure_ptr
 .data.lconv    0x0000000020000068       0x38 /usr/lib/gcc/arm-none-eabi/4.8/../../../arm-none-eabi/lib/armv7e-m/fpu/libc_nano.a(lib_a-locale.o)
                0x00000000200000a0                . = ALIGN (0x4)
                0x00000000200000a0                _edata = .
                0x0000000008005e88                _siccmram = LOADADDR (.ccmram)

.jcr            0x00000000200000a0        0x0 load address 0x0000000008005e88
 .jcr           0x00000000200000a0        0x0 /usr/lib/gcc/arm-none-eabi/4.8/armv7e-m/fpu/crtbegin.o

.tm_clone_table
                0x00000000200000a0        0x0 load address 0x0000000008005e88
 .tm_clone_table
                0x00000000200000a0        0x0 /usr/lib/gcc/arm-none-eabi/4.8/armv7e-m/fpu/crtbegin.o
 .tm_clone_table
                0x00000000200000a0        0x0 /usr/lib/gcc/arm-none-eabi/4.8/armv7e-m/fpu/crtend.o

.igot.plt       0x00000000200000a0        0x0 load address 0x0000000008005e88
 .igot.plt      0x00000000200000a0        0x0 /usr/lib/gcc/arm-none-eabi/4.8/armv7e-m/fpu/crtbegin.o

.ccmram         0x0000000010000000        0x0 load address 0x0000000008005e88
                0x0000000010000000                . = ALIGN (0x4)
                0x0000000010000000                _sccmram = .
 *(.ccmram)
 *(.ccmram*)
                0x0000000010000000                . = ALIGN (0x4)
                0x0000000010000000                _eccmram = .
                0x0000000010000000                . = ALIGN (0x4)

.bss            0x00000000200000a0      0x110
                0x00000000200000a0                _sbss = .
                0x00000000200000a0                __bss_start__ = _sbss
 *(.bss)
 .bss           0x00000000200000a0       0x1c /usr/lib/gcc/arm-none-eabi/4.8/armv7e-m/fpu/crtbegin.o
 *(.bss*)
 .bss.c         0x00000000200000bc        0x4 build/main.o
                0x00000000200000bc                c
 .bss.__malloc_sbrk_start
                0x00000000200000c0        0x4 /usr/lib/gcc/arm-none-eabi/4.8/../../../arm-none-eabi/lib/armv7e-m/fpu/libc_nano.a(lib_a-nano-mallocr.o)
                0x00000000200000c0                __malloc_sbrk_start
 .bss.__malloc_free_list
                0x00000000200000c4        0x4 /usr/lib/gcc/arm-none-eabi/4.8/../../../arm-none-eabi/lib/armv7e-m/fpu/libc_nano.a(lib_a-nano-mallocr.o)
                0x00000000200000c4                __malloc_free_list
 .bss.heap_end.5855
                0x00000000200000c8        0x4 /usr/lib/gcc/arm-none-eabi/4.8/../../../arm-none-eabi/lib/armv7e-m/fpu/librdimon_nano.a(rdimon-syscalls.o)
 .bss.openfiles
                0x00000000200000cc       0xa0 /usr/lib/gcc/arm-none-eabi/4.8/../../../arm-none-eabi/lib/armv7e-m/fpu/librdimon_nano.a(rdimon-syscalls.o)
 *(COMMON)
 COMMON         0x000000002000016c        0x4 build/stm32f3xx_hal.o
                0x000000002000016c                uwTick
 COMMON         0x0000000020000170       0x3c build/main.o
                0x0000000020000170                htim1
 COMMON         0x00000000200001ac        0x4 /usr/lib/gcc/arm-none-eabi/4.8/../../../arm-none-eabi/lib/armv7e-m/fpu/libc_nano.a(lib_a-reent.o)
                0x00000000200001ac                errno
                0x00000000200001b0                . = ALIGN (0x4)
                0x00000000200001b0                _ebss = .
                0x00000000200001b0                __bss_end__ = _ebss

._user_heap_stack
                0x00000000200001b0      0x600
                0x00000000200001b0                . = ALIGN (0x8)
                0x00000000200001b0                PROVIDE (end, .)
                0x00000000200001b0                PROVIDE (_end, .)
                0x00000000200003b0                . = (. + _Min_Heap_Size)
 *fill*         0x00000000200001b0      0x200 
                0x00000000200007b0                . = (. + _Min_Stack_Size)
 *fill*         0x00000000200003b0      0x400 
                0x00000000200007b0                . = ALIGN (0x8)

/DISCARD/
 libc.a(*)
 libm.a(*)
 libgcc.a(*)

.ARM.attributes
                0x0000000000000000       0x30
 *(.ARM.attributes)
 .ARM.attributes
                0x0000000000000000       0x22 /usr/lib/gcc/arm-none-eabi/4.8/armv7e-m/fpu/crti.o
 .ARM.attributes
                0x0000000000000022       0x34 /usr/lib/gcc/arm-none-eabi/4.8/armv7e-m/fpu/crtbegin.o
 .ARM.attributes
                0x0000000000000056       0x39 build/system_stm32f3xx.o
 .ARM.attributes
                0x000000000000008f       0x39 build/stm32f3xx_hal.o
 .ARM.attributes
                0x00000000000000c8       0x39 build/stm32f3xx_hal_cortex.o
 .ARM.attributes
                0x0000000000000101       0x39 build/stm32f3xx_hal_gpio.o
 .ARM.attributes
                0x000000000000013a       0x39 build/stm32f3xx_hal_rcc.o
 .ARM.attributes
                0x0000000000000173       0x39 build/stm32f3xx_hal_rcc_ex.o
 .ARM.attributes
                0x00000000000001ac       0x39 build/stm32f3xx_hal_tim.o
 .ARM.attributes
                0x00000000000001e5       0x39 build/stm32f3xx_hal_tim_ex.o
 .ARM.attributes
                0x000000000000021e       0x39 build/main.o
 .ARM.attributes
                0x0000000000000257       0x39 build/stm32f3xx_hal_msp.o
 .ARM.attributes
                0x0000000000000290       0x39 build/stm32f3xx_it.o
 .ARM.attributes
                0x00000000000002c9       0x21 build/startup_stm32f303xc.o
 .ARM.attributes
                0x00000000000002ea       0x34 /usr/lib/gcc/arm-none-eabi/4.8/../../../arm-none-eabi/lib/armv7e-m/fpu/libc_nano.a(lib_a-impure.o)
 .ARM.attributes
                0x000000000000031e       0x34 /usr/lib/gcc/arm-none-eabi/4.8/../../../arm-none-eabi/lib/armv7e-m/fpu/libc_nano.a(lib_a-init.o)
 .ARM.attributes
                0x0000000000000352       0x34 /usr/lib/gcc/arm-none-eabi/4.8/../../../arm-none-eabi/lib/armv7e-m/fpu/libc_nano.a(lib_a-memset.o)
 .ARM.attributes
                0x0000000000000386       0x34 /usr/lib/gcc/arm-none-eabi/4.8/../../../arm-none-eabi/lib/armv7e-m/fpu/libc_nano.a(lib_a-nano-vfprintf_float.o)
 .ARM.attributes
                0x00000000000003ba       0x34 /usr/lib/gcc/arm-none-eabi/4.8/../../../arm-none-eabi/lib/armv7e-m/fpu/libc_nano.a(lib_a-nano-vfprintf_i.o)
 .ARM.attributes
                0x00000000000003ee       0x34 /usr/lib/gcc/arm-none-eabi/4.8/../../../arm-none-eabi/lib/armv7e-m/fpu/libc_nano.a(lib_a-printf.o)
 .ARM.attributes
                0x0000000000000422       0x34 /usr/lib/gcc/arm-none-eabi/4.8/../../../arm-none-eabi/lib/armv7e-m/fpu/libc_nano.a(lib_a-s_fpclassify.o)
 .ARM.attributes
                0x0000000000000456       0x34 /usr/lib/gcc/arm-none-eabi/4.8/../../../arm-none-eabi/lib/armv7e-m/fpu/libc_nano.a(lib_a-strlen.o)
 .ARM.attributes
                0x000000000000048a       0x34 /usr/lib/gcc/arm-none-eabi/4.8/../../../arm-none-eabi/lib/armv7e-m/fpu/libc_nano.a(lib_a-dtoa.o)
 .ARM.attributes
                0x00000000000004be       0x34 /usr/lib/gcc/arm-none-eabi/4.8/../../../arm-none-eabi/lib/armv7e-m/fpu/libc_nano.a(lib_a-findfp.o)
 .ARM.attributes
                0x00000000000004f2       0x34 /usr/lib/gcc/arm-none-eabi/4.8/../../../arm-none-eabi/lib/armv7e-m/fpu/libc_nano.a(lib_a-fwalk.o)
 .ARM.attributes
                0x0000000000000526       0x34 /usr/lib/gcc/arm-none-eabi/4.8/../../../arm-none-eabi/lib/armv7e-m/fpu/libc_nano.a(lib_a-locale.o)
 .ARM.attributes
                0x000000000000055a       0x34 /usr/lib/gcc/arm-none-eabi/4.8/../../../arm-none-eabi/lib/armv7e-m/fpu/libc_nano.a(lib_a-malloc.o)
 .ARM.attributes
                0x000000000000058e       0x34 /usr/lib/gcc/arm-none-eabi/4.8/../../../arm-none-eabi/lib/armv7e-m/fpu/libc_nano.a(lib_a-memcpy-stub.o)
 .ARM.attributes
                0x00000000000005c2       0x34 /usr/lib/gcc/arm-none-eabi/4.8/../../../arm-none-eabi/lib/armv7e-m/fpu/libc_nano.a(lib_a-mprec.o)
 .ARM.attributes
                0x00000000000005f6       0x34 /usr/lib/gcc/arm-none-eabi/4.8/../../../arm-none-eabi/lib/armv7e-m/fpu/libc_nano.a(lib_a-nano-callocr.o)
 .ARM.attributes
                0x000000000000062a       0x34 /usr/lib/gcc/arm-none-eabi/4.8/../../../arm-none-eabi/lib/armv7e-m/fpu/libc_nano.a(lib_a-nano-freer.o)
 .ARM.attributes
                0x000000000000065e       0x34 /usr/lib/gcc/arm-none-eabi/4.8/../../../arm-none-eabi/lib/armv7e-m/fpu/libc_nano.a(lib_a-nano-mallocr.o)
 .ARM.attributes
                0x0000000000000692       0x34 /usr/lib/gcc/arm-none-eabi/4.8/../../../arm-none-eabi/lib/armv7e-m/fpu/libc_nano.a(lib_a-nano-vfprintf.o)
 .ARM.attributes
                0x00000000000006c6       0x34 /usr/lib/gcc/arm-none-eabi/4.8/../../../arm-none-eabi/lib/armv7e-m/fpu/libc_nano.a(lib_a-sbrkr.o)
 .ARM.attributes
                0x00000000000006fa       0x34 /usr/lib/gcc/arm-none-eabi/4.8/../../../arm-none-eabi/lib/armv7e-m/fpu/libc_nano.a(lib_a-stdio.o)
 .ARM.attributes
                0x000000000000072e       0x34 /usr/lib/gcc/arm-none-eabi/4.8/../../../arm-none-eabi/lib/armv7e-m/fpu/libc_nano.a(lib_a-wbuf.o)
 .ARM.attributes
                0x0000000000000762       0x34 /usr/lib/gcc/arm-none-eabi/4.8/../../../arm-none-eabi/lib/armv7e-m/fpu/libc_nano.a(lib_a-writer.o)
 .ARM.attributes
                0x0000000000000796       0x34 /usr/lib/gcc/arm-none-eabi/4.8/../../../arm-none-eabi/lib/armv7e-m/fpu/libc_nano.a(lib_a-wsetup.o)
 .ARM.attributes
                0x00000000000007ca       0x34 /usr/lib/gcc/arm-none-eabi/4.8/../../../arm-none-eabi/lib/armv7e-m/fpu/libc_nano.a(lib_a-closer.o)
 .ARM.attributes
                0x00000000000007fe       0x34 /usr/lib/gcc/arm-none-eabi/4.8/../../../arm-none-eabi/lib/armv7e-m/fpu/libc_nano.a(lib_a-fclose.o)
 .ARM.attributes
                0x0000000000000832       0x34 /usr/lib/gcc/arm-none-eabi/4.8/../../../arm-none-eabi/lib/armv7e-m/fpu/libc_nano.a(lib_a-fflush.o)
 .ARM.attributes
                0x0000000000000866       0x34 /usr/lib/gcc/arm-none-eabi/4.8/../../../arm-none-eabi/lib/armv7e-m/fpu/libc_nano.a(lib_a-lseekr.o)
 .ARM.attributes
                0x000000000000089a       0x34 /usr/lib/gcc/arm-none-eabi/4.8/../../../arm-none-eabi/lib/armv7e-m/fpu/libc_nano.a(lib_a-makebuf.o)
 .ARM.attributes
                0x00000000000008ce       0x34 /usr/lib/gcc/arm-none-eabi/4.8/../../../arm-none-eabi/lib/armv7e-m/fpu/libc_nano.a(lib_a-memchr-stub.o)
 .ARM.attributes
                0x0000000000000902       0x34 /usr/lib/gcc/arm-none-eabi/4.8/../../../arm-none-eabi/lib/armv7e-m/fpu/libc_nano.a(lib_a-readr.o)
 .ARM.attributes
                0x0000000000000936       0x34 /usr/lib/gcc/arm-none-eabi/4.8/../../../arm-none-eabi/lib/armv7e-m/fpu/libc_nano.a(lib_a-reent.o)
 .ARM.attributes
                0x000000000000096a       0x34 /usr/lib/gcc/arm-none-eabi/4.8/../../../arm-none-eabi/lib/armv7e-m/fpu/libc_nano.a(lib_a-fstatr.o)
 .ARM.attributes
                0x000000000000099e       0x34 /usr/lib/gcc/arm-none-eabi/4.8/../../../arm-none-eabi/lib/armv7e-m/fpu/libc_nano.a(lib_a-isattyr.o)
 .ARM.attributes
                0x00000000000009d2       0x34 /usr/lib/gcc/arm-none-eabi/4.8/../../../arm-none-eabi/lib/armv7e-m/fpu/librdimon_nano.a(rdimon-syscalls.o)
 .ARM.attributes
                0x0000000000000a06       0x34 /usr/lib/gcc/arm-none-eabi/4.8/../../../arm-none-eabi/lib/armv7e-m/fpu/libc_nano.a(lib_a-errno.o)
 .ARM.attributes
                0x0000000000000a3a       0x22 /usr/lib/gcc/arm-none-eabi/4.8/armv7e-m/fpu/libgcc.a(_arm_addsubdf3.o)
 .ARM.attributes
                0x0000000000000a5c       0x22 /usr/lib/gcc/arm-none-eabi/4.8/armv7e-m/fpu/libgcc.a(_arm_muldivdf3.o)
 .ARM.attributes
                0x0000000000000a7e       0x22 /usr/lib/gcc/arm-none-eabi/4.8/armv7e-m/fpu/libgcc.a(_arm_cmpdf2.o)
 .ARM.attributes
                0x0000000000000aa0       0x22 /usr/lib/gcc/arm-none-eabi/4.8/armv7e-m/fpu/libgcc.a(_arm_fixdfsi.o)
 .ARM.attributes
                0x0000000000000ac2       0x34 /usr/lib/gcc/arm-none-eabi/4.8/armv7e-m/fpu/crtend.o
 .ARM.attributes
                0x0000000000000af6       0x22 /usr/lib/gcc/arm-none-eabi/4.8/armv7e-m/fpu/crtn.o
OUTPUT(build/STM32F3_Encoder.elf elf32-littlearm)

.comment        0x0000000000000000       0x58
 .comment       0x0000000000000000       0x2d /usr/lib/gcc/arm-none-eabi/4.8/armv7e-m/fpu/crtbegin.o
                                         0x2e (size before relaxing)
 .comment       0x000000000000002d       0x2e build/system_stm32f3xx.o
 .comment       0x000000000000002d       0x2e build/stm32f3xx_hal.o
 .comment       0x000000000000002d       0x2e build/stm32f3xx_hal_cortex.o
 .comment       0x000000000000002d       0x2e build/stm32f3xx_hal_gpio.o
 .comment       0x000000000000002d       0x2e build/stm32f3xx_hal_rcc.o
 .comment       0x000000000000002d       0x2e build/stm32f3xx_hal_rcc_ex.o
 .comment       0x000000000000002d       0x2e build/stm32f3xx_hal_tim.o
 .comment       0x000000000000002d       0x2e build/stm32f3xx_hal_tim_ex.o
 .comment       0x000000000000002d       0x2e build/main.o
 .comment       0x000000000000002d       0x2e build/stm32f3xx_hal_msp.o
 .comment       0x000000000000002d       0x2e build/stm32f3xx_it.o
 .comment       0x000000000000002d       0x2b /usr/lib/gcc/arm-none-eabi/4.8/../../../arm-none-eabi/lib/armv7e-m/fpu/libc_nano.a(lib_a-impure.o)
                                         0x2c (size before relaxing)
 .comment       0x0000000000000058       0x2c /usr/lib/gcc/arm-none-eabi/4.8/../../../arm-none-eabi/lib/armv7e-m/fpu/libc_nano.a(lib_a-init.o)
 .comment       0x0000000000000058       0x2c /usr/lib/gcc/arm-none-eabi/4.8/../../../arm-none-eabi/lib/armv7e-m/fpu/libc_nano.a(lib_a-memset.o)
 .comment       0x0000000000000058       0x2c /usr/lib/gcc/arm-none-eabi/4.8/../../../arm-none-eabi/lib/armv7e-m/fpu/libc_nano.a(lib_a-nano-vfprintf_float.o)
 .comment       0x0000000000000058       0x2c /usr/lib/gcc/arm-none-eabi/4.8/../../../arm-none-eabi/lib/armv7e-m/fpu/libc_nano.a(lib_a-nano-vfprintf_i.o)
 .comment       0x0000000000000058       0x2c /usr/lib/gcc/arm-none-eabi/4.8/../../../arm-none-eabi/lib/armv7e-m/fpu/libc_nano.a(lib_a-printf.o)
 .comment       0x0000000000000058       0x2c /usr/lib/gcc/arm-none-eabi/4.8/../../../arm-none-eabi/lib/armv7e-m/fpu/libc_nano.a(lib_a-s_fpclassify.o)
 .comment       0x0000000000000058       0x2c /usr/lib/gcc/arm-none-eabi/4.8/../../../arm-none-eabi/lib/armv7e-m/fpu/libc_nano.a(lib_a-strlen.o)
 .comment       0x0000000000000058       0x2c /usr/lib/gcc/arm-none-eabi/4.8/../../../arm-none-eabi/lib/armv7e-m/fpu/libc_nano.a(lib_a-dtoa.o)
 .comment       0x0000000000000058       0x2c /usr/lib/gcc/arm-none-eabi/4.8/../../../arm-none-eabi/lib/armv7e-m/fpu/libc_nano.a(lib_a-findfp.o)
 .comment       0x0000000000000058       0x2c /usr/lib/gcc/arm-none-eabi/4.8/../../../arm-none-eabi/lib/armv7e-m/fpu/libc_nano.a(lib_a-fwalk.o)
 .comment       0x0000000000000058       0x2c /usr/lib/gcc/arm-none-eabi/4.8/../../../arm-none-eabi/lib/armv7e-m/fpu/libc_nano.a(lib_a-locale.o)
 .comment       0x0000000000000058       0x2c /usr/lib/gcc/arm-none-eabi/4.8/../../../arm-none-eabi/lib/armv7e-m/fpu/libc_nano.a(lib_a-malloc.o)
 .comment       0x0000000000000058       0x2c /usr/lib/gcc/arm-none-eabi/4.8/../../../arm-none-eabi/lib/armv7e-m/fpu/libc_nano.a(lib_a-memcpy-stub.o)
 .comment       0x0000000000000058       0x2c /usr/lib/gcc/arm-none-eabi/4.8/../../../arm-none-eabi/lib/armv7e-m/fpu/libc_nano.a(lib_a-mprec.o)
 .comment       0x0000000000000058       0x2c /usr/lib/gcc/arm-none-eabi/4.8/../../../arm-none-eabi/lib/armv7e-m/fpu/libc_nano.a(lib_a-nano-callocr.o)
 .comment       0x0000000000000058       0x2c /usr/lib/gcc/arm-none-eabi/4.8/../../../arm-none-eabi/lib/armv7e-m/fpu/libc_nano.a(lib_a-nano-freer.o)
 .comment       0x0000000000000058       0x2c /usr/lib/gcc/arm-none-eabi/4.8/../../../arm-none-eabi/lib/armv7e-m/fpu/libc_nano.a(lib_a-nano-mallocr.o)
 .comment       0x0000000000000058       0x2c /usr/lib/gcc/arm-none-eabi/4.8/../../../arm-none-eabi/lib/armv7e-m/fpu/libc_nano.a(lib_a-nano-vfprintf.o)
 .comment       0x0000000000000058       0x2c /usr/lib/gcc/arm-none-eabi/4.8/../../../arm-none-eabi/lib/armv7e-m/fpu/libc_nano.a(lib_a-sbrkr.o)
 .comment       0x0000000000000058       0x2c /usr/lib/gcc/arm-none-eabi/4.8/../../../arm-none-eabi/lib/armv7e-m/fpu/libc_nano.a(lib_a-stdio.o)
 .comment       0x0000000000000058       0x2c /usr/lib/gcc/arm-none-eabi/4.8/../../../arm-none-eabi/lib/armv7e-m/fpu/libc_nano.a(lib_a-wbuf.o)
 .comment       0x0000000000000058       0x2c /usr/lib/gcc/arm-none-eabi/4.8/../../../arm-none-eabi/lib/armv7e-m/fpu/libc_nano.a(lib_a-writer.o)
 .comment       0x0000000000000058       0x2c /usr/lib/gcc/arm-none-eabi/4.8/../../../arm-none-eabi/lib/armv7e-m/fpu/libc_nano.a(lib_a-wsetup.o)
 .comment       0x0000000000000058       0x2c /usr/lib/gcc/arm-none-eabi/4.8/../../../arm-none-eabi/lib/armv7e-m/fpu/libc_nano.a(lib_a-closer.o)
 .comment       0x0000000000000058       0x2c /usr/lib/gcc/arm-none-eabi/4.8/../../../arm-none-eabi/lib/armv7e-m/fpu/libc_nano.a(lib_a-fclose.o)
 .comment       0x0000000000000058       0x2c /usr/lib/gcc/arm-none-eabi/4.8/../../../arm-none-eabi/lib/armv7e-m/fpu/libc_nano.a(lib_a-fflush.o)
 .comment       0x0000000000000058       0x2c /usr/lib/gcc/arm-none-eabi/4.8/../../../arm-none-eabi/lib/armv7e-m/fpu/libc_nano.a(lib_a-lseekr.o)
 .comment       0x0000000000000058       0x2c /usr/lib/gcc/arm-none-eabi/4.8/../../../arm-none-eabi/lib/armv7e-m/fpu/libc_nano.a(lib_a-makebuf.o)
 .comment       0x0000000000000058       0x2c /usr/lib/gcc/arm-none-eabi/4.8/../../../arm-none-eabi/lib/armv7e-m/fpu/libc_nano.a(lib_a-memchr-stub.o)
 .comment       0x0000000000000058       0x2c /usr/lib/gcc/arm-none-eabi/4.8/../../../arm-none-eabi/lib/armv7e-m/fpu/libc_nano.a(lib_a-readr.o)
 .comment       0x0000000000000058       0x2c /usr/lib/gcc/arm-none-eabi/4.8/../../../arm-none-eabi/lib/armv7e-m/fpu/libc_nano.a(lib_a-reent.o)
 .comment       0x0000000000000058       0x2c /usr/lib/gcc/arm-none-eabi/4.8/../../../arm-none-eabi/lib/armv7e-m/fpu/libc_nano.a(lib_a-fstatr.o)
 .comment       0x0000000000000058       0x2c /usr/lib/gcc/arm-none-eabi/4.8/../../../arm-none-eabi/lib/armv7e-m/fpu/libc_nano.a(lib_a-isattyr.o)
 .comment       0x0000000000000058       0x2c /usr/lib/gcc/arm-none-eabi/4.8/../../../arm-none-eabi/lib/armv7e-m/fpu/librdimon_nano.a(rdimon-syscalls.o)
 .comment       0x0000000000000058       0x2c /usr/lib/gcc/arm-none-eabi/4.8/../../../arm-none-eabi/lib/armv7e-m/fpu/libc_nano.a(lib_a-errno.o)
 .comment       0x0000000000000058       0x2e /usr/lib/gcc/arm-none-eabi/4.8/armv7e-m/fpu/crtend.o

.debug_info     0x0000000000000000    0x1d47b
 .debug_info    0x0000000000000000      0x433 build/system_stm32f3xx.o
 .debug_info    0x0000000000000433      0x6fb build/stm32f3xx_hal.o
 .debug_info    0x0000000000000b2e      0xdb9 build/stm32f3xx_hal_cortex.o
 .debug_info    0x00000000000018e7      0x6da build/stm32f3xx_hal_gpio.o
 .debug_info    0x0000000000001fc1     0x1814 build/stm32f3xx_hal_rcc.o
 .debug_info    0x00000000000037d5      0x66c build/stm32f3xx_hal_rcc_ex.o
 .debug_info    0x0000000000003e41     0x23e1 build/stm32f3xx_hal_tim.o
 .debug_info    0x0000000000006222     0x1331 build/stm32f3xx_hal_tim_ex.o
 .debug_info    0x0000000000007553      0xe14 build/main.o
 .debug_info    0x0000000000008367      0xa17 build/stm32f3xx_hal_msp.o
 .debug_info    0x0000000000008d7e       0xbd build/stm32f3xx_it.o
 .debug_info    0x0000000000008e3b       0xa8 build/startup_stm32f303xc.o
 .debug_info    0x0000000000008ee3      0x7d3 /usr/lib/gcc/arm-none-eabi/4.8/../../../arm-none-eabi/lib/armv7e-m/fpu/libc_nano.a(lib_a-impure.o)
 .debug_info    0x00000000000096b6      0x105 /usr/lib/gcc/arm-none-eabi/4.8/../../../arm-none-eabi/lib/armv7e-m/fpu/libc_nano.a(lib_a-init.o)
 .debug_info    0x00000000000097bb       0xd3 /usr/lib/gcc/arm-none-eabi/4.8/../../../arm-none-eabi/lib/armv7e-m/fpu/libc_nano.a(lib_a-memset.o)
 .debug_info    0x000000000000988e     0x1096 /usr/lib/gcc/arm-none-eabi/4.8/../../../arm-none-eabi/lib/armv7e-m/fpu/libc_nano.a(lib_a-nano-vfprintf_float.o)
 .debug_info    0x000000000000a924      0xb2c /usr/lib/gcc/arm-none-eabi/4.8/../../../arm-none-eabi/lib/armv7e-m/fpu/libc_nano.a(lib_a-nano-vfprintf_i.o)
 .debug_info    0x000000000000b450      0x895 /usr/lib/gcc/arm-none-eabi/4.8/../../../arm-none-eabi/lib/armv7e-m/fpu/libc_nano.a(lib_a-printf.o)
 .debug_info    0x000000000000bce5      0x146 /usr/lib/gcc/arm-none-eabi/4.8/../../../arm-none-eabi/lib/armv7e-m/fpu/libc_nano.a(lib_a-s_fpclassify.o)
 .debug_info    0x000000000000be2b       0xcd /usr/lib/gcc/arm-none-eabi/4.8/../../../arm-none-eabi/lib/armv7e-m/fpu/libc_nano.a(lib_a-strlen.o)
 .debug_info    0x000000000000bef8     0x11c9 /usr/lib/gcc/arm-none-eabi/4.8/../../../arm-none-eabi/lib/armv7e-m/fpu/libc_nano.a(lib_a-dtoa.o)
 .debug_info    0x000000000000d0c1      0xd2c /usr/lib/gcc/arm-none-eabi/4.8/../../../arm-none-eabi/lib/armv7e-m/fpu/libc_nano.a(lib_a-findfp.o)
 .debug_info    0x000000000000dded      0x846 /usr/lib/gcc/arm-none-eabi/4.8/../../../arm-none-eabi/lib/armv7e-m/fpu/libc_nano.a(lib_a-fwalk.o)
 .debug_info    0x000000000000e633      0xa91 /usr/lib/gcc/arm-none-eabi/4.8/../../../arm-none-eabi/lib/armv7e-m/fpu/libc_nano.a(lib_a-locale.o)
 .debug_info    0x000000000000f0c4      0x7c1 /usr/lib/gcc/arm-none-eabi/4.8/../../../arm-none-eabi/lib/armv7e-m/fpu/libc_nano.a(lib_a-malloc.o)
 .debug_info    0x000000000000f885      0x102 /usr/lib/gcc/arm-none-eabi/4.8/../../../arm-none-eabi/lib/armv7e-m/fpu/libc_nano.a(lib_a-memcpy-stub.o)
 .debug_info    0x000000000000f987     0x15ae /usr/lib/gcc/arm-none-eabi/4.8/../../../arm-none-eabi/lib/armv7e-m/fpu/libc_nano.a(lib_a-mprec.o)
 .debug_info    0x0000000000010f35      0x7e8 /usr/lib/gcc/arm-none-eabi/4.8/../../../arm-none-eabi/lib/armv7e-m/fpu/libc_nano.a(lib_a-nano-callocr.o)
 .debug_info    0x000000000001171d      0x81a /usr/lib/gcc/arm-none-eabi/4.8/../../../arm-none-eabi/lib/armv7e-m/fpu/libc_nano.a(lib_a-nano-freer.o)
 .debug_info    0x0000000000011f37      0x8fb /usr/lib/gcc/arm-none-eabi/4.8/../../../arm-none-eabi/lib/armv7e-m/fpu/libc_nano.a(lib_a-nano-mallocr.o)
 .debug_info    0x0000000000012832      0xe05 /usr/lib/gcc/arm-none-eabi/4.8/../../../arm-none-eabi/lib/armv7e-m/fpu/libc_nano.a(lib_a-nano-vfprintf.o)
 .debug_info    0x0000000000013637      0x7a0 /usr/lib/gcc/arm-none-eabi/4.8/../../../arm-none-eabi/lib/armv7e-m/fpu/libc_nano.a(lib_a-sbrkr.o)
 .debug_info    0x0000000000013dd7      0xa36 /usr/lib/gcc/arm-none-eabi/4.8/../../../arm-none-eabi/lib/armv7e-m/fpu/libc_nano.a(lib_a-stdio.o)
 .debug_info    0x000000000001480d      0x916 /usr/lib/gcc/arm-none-eabi/4.8/../../../arm-none-eabi/lib/armv7e-m/fpu/libc_nano.a(lib_a-wbuf.o)
 .debug_info    0x0000000000015123      0x7d5 /usr/lib/gcc/arm-none-eabi/4.8/../../../arm-none-eabi/lib/armv7e-m/fpu/libc_nano.a(lib_a-writer.o)
 .debug_info    0x00000000000158f8      0x881 /usr/lib/gcc/arm-none-eabi/4.8/../../../arm-none-eabi/lib/armv7e-m/fpu/libc_nano.a(lib_a-wsetup.o)
 .debug_info    0x0000000000016179      0x78c /usr/lib/gcc/arm-none-eabi/4.8/../../../arm-none-eabi/lib/armv7e-m/fpu/libc_nano.a(lib_a-closer.o)
 .debug_info    0x0000000000016905      0x932 /usr/lib/gcc/arm-none-eabi/4.8/../../../arm-none-eabi/lib/armv7e-m/fpu/libc_nano.a(lib_a-fclose.o)
 .debug_info    0x0000000000017237      0x9fe /usr/lib/gcc/arm-none-eabi/4.8/../../../arm-none-eabi/lib/armv7e-m/fpu/libc_nano.a(lib_a-fflush.o)
 .debug_info    0x0000000000017c35      0x7b8 /usr/lib/gcc/arm-none-eabi/4.8/../../../arm-none-eabi/lib/armv7e-m/fpu/libc_nano.a(lib_a-lseekr.o)
 .debug_info    0x00000000000183ed      0x98c /usr/lib/gcc/arm-none-eabi/4.8/../../../arm-none-eabi/lib/armv7e-m/fpu/libc_nano.a(lib_a-makebuf.o)
 .debug_info    0x0000000000018d79       0xf8 /usr/lib/gcc/arm-none-eabi/4.8/../../../arm-none-eabi/lib/armv7e-m/fpu/libc_nano.a(lib_a-memchr-stub.o)
 .debug_info    0x0000000000018e71      0x7ce /usr/lib/gcc/arm-none-eabi/4.8/../../../arm-none-eabi/lib/armv7e-m/fpu/libc_nano.a(lib_a-readr.o)
 .debug_info    0x000000000001963f      0x8f7 /usr/lib/gcc/arm-none-eabi/4.8/../../../arm-none-eabi/lib/armv7e-m/fpu/libc_nano.a(lib_a-reent.o)
 .debug_info    0x0000000000019f36      0x90a /usr/lib/gcc/arm-none-eabi/4.8/../../../arm-none-eabi/lib/armv7e-m/fpu/libc_nano.a(lib_a-fstatr.o)
 .debug_info    0x000000000001a840      0x78c /usr/lib/gcc/arm-none-eabi/4.8/../../../arm-none-eabi/lib/armv7e-m/fpu/libc_nano.a(lib_a-isattyr.o)
 .debug_info    0x000000000001afcc     0x1a46 /usr/lib/gcc/arm-none-eabi/4.8/../../../arm-none-eabi/lib/armv7e-m/fpu/librdimon_nano.a(rdimon-syscalls.o)
 .debug_info    0x000000000001ca12      0x735 /usr/lib/gcc/arm-none-eabi/4.8/../../../arm-none-eabi/lib/armv7e-m/fpu/libc_nano.a(lib_a-errno.o)
 .debug_info    0x000000000001d147       0xcd /usr/lib/gcc/arm-none-eabi/4.8/armv7e-m/fpu/libgcc.a(_arm_addsubdf3.o)
 .debug_info    0x000000000001d214       0xcd /usr/lib/gcc/arm-none-eabi/4.8/armv7e-m/fpu/libgcc.a(_arm_muldivdf3.o)
 .debug_info    0x000000000001d2e1       0xcd /usr/lib/gcc/arm-none-eabi/4.8/armv7e-m/fpu/libgcc.a(_arm_cmpdf2.o)
 .debug_info    0x000000000001d3ae       0xcd /usr/lib/gcc/arm-none-eabi/4.8/armv7e-m/fpu/libgcc.a(_arm_fixdfsi.o)

.debug_abbrev   0x0000000000000000     0x52d1
 .debug_abbrev  0x0000000000000000      0x103 build/system_stm32f3xx.o
 .debug_abbrev  0x0000000000000103      0x18f build/stm32f3xx_hal.o
 .debug_abbrev  0x0000000000000292      0x26e build/stm32f3xx_hal_cortex.o
 .debug_abbrev  0x0000000000000500      0x1ac build/stm32f3xx_hal_gpio.o
 .debug_abbrev  0x00000000000006ac      0x276 build/stm32f3xx_hal_rcc.o
 .debug_abbrev  0x0000000000000922      0x20f build/stm32f3xx_hal_rcc_ex.o
 .debug_abbrev  0x0000000000000b31      0x206 build/stm32f3xx_hal_tim.o
 .debug_abbrev  0x0000000000000d37      0x1fd build/stm32f3xx_hal_tim_ex.o
 .debug_abbrev  0x0000000000000f34      0x1c1 build/main.o
 .debug_abbrev  0x00000000000010f5      0x159 build/stm32f3xx_hal_msp.o
 .debug_abbrev  0x000000000000124e       0x69 build/stm32f3xx_it.o
 .debug_abbrev  0x00000000000012b7       0x12 build/startup_stm32f303xc.o
 .debug_abbrev  0x00000000000012c9      0x136 /usr/lib/gcc/arm-none-eabi/4.8/../../../arm-none-eabi/lib/armv7e-m/fpu/libc_nano.a(lib_a-impure.o)
 .debug_abbrev  0x00000000000013ff       0xba /usr/lib/gcc/arm-none-eabi/4.8/../../../arm-none-eabi/lib/armv7e-m/fpu/libc_nano.a(lib_a-init.o)
 .debug_abbrev  0x00000000000014b9       0x8e /usr/lib/gcc/arm-none-eabi/4.8/../../../arm-none-eabi/lib/armv7e-m/fpu/libc_nano.a(lib_a-memset.o)
 .debug_abbrev  0x0000000000001547      0x2a2 /usr/lib/gcc/arm-none-eabi/4.8/../../../arm-none-eabi/lib/armv7e-m/fpu/libc_nano.a(lib_a-nano-vfprintf_float.o)
 .debug_abbrev  0x00000000000017e9      0x1e2 /usr/lib/gcc/arm-none-eabi/4.8/../../../arm-none-eabi/lib/armv7e-m/fpu/libc_nano.a(lib_a-nano-vfprintf_i.o)
 .debug_abbrev  0x00000000000019cb      0x1ec /usr/lib/gcc/arm-none-eabi/4.8/../../../arm-none-eabi/lib/armv7e-m/fpu/libc_nano.a(lib_a-printf.o)
 .debug_abbrev  0x0000000000001bb7       0xca /usr/lib/gcc/arm-none-eabi/4.8/../../../arm-none-eabi/lib/armv7e-m/fpu/libc_nano.a(lib_a-s_fpclassify.o)
 .debug_abbrev  0x0000000000001c81       0x8c /usr/lib/gcc/arm-none-eabi/4.8/../../../arm-none-eabi/lib/armv7e-m/fpu/libc_nano.a(lib_a-strlen.o)
 .debug_abbrev  0x0000000000001d0d      0x28a /usr/lib/gcc/arm-none-eabi/4.8/../../../arm-none-eabi/lib/armv7e-m/fpu/libc_nano.a(lib_a-dtoa.o)
 .debug_abbrev  0x0000000000001f97      0x2d7 /usr/lib/gcc/arm-none-eabi/4.8/../../../arm-none-eabi/lib/armv7e-m/fpu/libc_nano.a(lib_a-findfp.o)
 .debug_abbrev  0x000000000000226e      0x176 /usr/lib/gcc/arm-none-eabi/4.8/../../../arm-none-eabi/lib/armv7e-m/fpu/libc_nano.a(lib_a-fwalk.o)
 .debug_abbrev  0x00000000000023e4      0x248 /usr/lib/gcc/arm-none-eabi/4.8/../../../arm-none-eabi/lib/armv7e-m/fpu/libc_nano.a(lib_a-locale.o)
 .debug_abbrev  0x000000000000262c      0x19f /usr/lib/gcc/arm-none-eabi/4.8/../../../arm-none-eabi/lib/armv7e-m/fpu/libc_nano.a(lib_a-malloc.o)
 .debug_abbrev  0x00000000000027cb       0xa4 /usr/lib/gcc/arm-none-eabi/4.8/../../../arm-none-eabi/lib/armv7e-m/fpu/libc_nano.a(lib_a-memcpy-stub.o)
 .debug_abbrev  0x000000000000286f      0x2c7 /usr/lib/gcc/arm-none-eabi/4.8/../../../arm-none-eabi/lib/armv7e-m/fpu/libc_nano.a(lib_a-mprec.o)
 .debug_abbrev  0x0000000000002b36      0x19e /usr/lib/gcc/arm-none-eabi/4.8/../../../arm-none-eabi/lib/armv7e-m/fpu/libc_nano.a(lib_a-nano-callocr.o)
 .debug_abbrev  0x0000000000002cd4      0x1b6 /usr/lib/gcc/arm-none-eabi/4.8/../../../arm-none-eabi/lib/armv7e-m/fpu/libc_nano.a(lib_a-nano-freer.o)
 .debug_abbrev  0x0000000000002e8a      0x250 /usr/lib/gcc/arm-none-eabi/4.8/../../../arm-none-eabi/lib/armv7e-m/fpu/libc_nano.a(lib_a-nano-mallocr.o)
 .debug_abbrev  0x00000000000030da      0x2a5 /usr/lib/gcc/arm-none-eabi/4.8/../../../arm-none-eabi/lib/armv7e-m/fpu/libc_nano.a(lib_a-nano-vfprintf.o)
 .debug_abbrev  0x000000000000337f      0x1a2 /usr/lib/gcc/arm-none-eabi/4.8/../../../arm-none-eabi/lib/armv7e-m/fpu/libc_nano.a(lib_a-sbrkr.o)
 .debug_abbrev  0x0000000000003521      0x1eb /usr/lib/gcc/arm-none-eabi/4.8/../../../arm-none-eabi/lib/armv7e-m/fpu/libc_nano.a(lib_a-stdio.o)
 .debug_abbrev  0x000000000000370c      0x1f7 /usr/lib/gcc/arm-none-eabi/4.8/../../../arm-none-eabi/lib/armv7e-m/fpu/libc_nano.a(lib_a-wbuf.o)
 .debug_abbrev  0x0000000000003903      0x199 /usr/lib/gcc/arm-none-eabi/4.8/../../../arm-none-eabi/lib/armv7e-m/fpu/libc_nano.a(lib_a-writer.o)
 .debug_abbrev  0x0000000000003a9c      0x1a5 /usr/lib/gcc/arm-none-eabi/4.8/../../../arm-none-eabi/lib/armv7e-m/fpu/libc_nano.a(lib_a-wsetup.o)
 .debug_abbrev  0x0000000000003c41      0x194 /usr/lib/gcc/arm-none-eabi/4.8/../../../arm-none-eabi/lib/armv7e-m/fpu/libc_nano.a(lib_a-closer.o)
 .debug_abbrev  0x0000000000003dd5      0x21a /usr/lib/gcc/arm-none-eabi/4.8/../../../arm-none-eabi/lib/armv7e-m/fpu/libc_nano.a(lib_a-fclose.o)
 .debug_abbrev  0x0000000000003fef      0x23f /usr/lib/gcc/arm-none-eabi/4.8/../../../arm-none-eabi/lib/armv7e-m/fpu/libc_nano.a(lib_a-fflush.o)
 .debug_abbrev  0x000000000000422e      0x1a3 /usr/lib/gcc/arm-none-eabi/4.8/../../../arm-none-eabi/lib/armv7e-m/fpu/libc_nano.a(lib_a-lseekr.o)
 .debug_abbrev  0x00000000000043d1      0x1ab /usr/lib/gcc/arm-none-eabi/4.8/../../../arm-none-eabi/lib/armv7e-m/fpu/libc_nano.a(lib_a-makebuf.o)
 .debug_abbrev  0x000000000000457c       0xab /usr/lib/gcc/arm-none-eabi/4.8/../../../arm-none-eabi/lib/armv7e-m/fpu/libc_nano.a(lib_a-memchr-stub.o)
 .debug_abbrev  0x0000000000004627      0x194 /usr/lib/gcc/arm-none-eabi/4.8/../../../arm-none-eabi/lib/armv7e-m/fpu/libc_nano.a(lib_a-readr.o)
 .debug_abbrev  0x00000000000047bb      0x1fb /usr/lib/gcc/arm-none-eabi/4.8/../../../arm-none-eabi/lib/armv7e-m/fpu/libc_nano.a(lib_a-reent.o)
 .debug_abbrev  0x00000000000049b6      0x1a3 /usr/lib/gcc/arm-none-eabi/4.8/../../../arm-none-eabi/lib/armv7e-m/fpu/libc_nano.a(lib_a-fstatr.o)
 .debug_abbrev  0x0000000000004b59      0x194 /usr/lib/gcc/arm-none-eabi/4.8/../../../arm-none-eabi/lib/armv7e-m/fpu/libc_nano.a(lib_a-isattyr.o)
 .debug_abbrev  0x0000000000004ced      0x460 /usr/lib/gcc/arm-none-eabi/4.8/../../../arm-none-eabi/lib/armv7e-m/fpu/librdimon_nano.a(rdimon-syscalls.o)
 .debug_abbrev  0x000000000000514d      0x134 /usr/lib/gcc/arm-none-eabi/4.8/../../../arm-none-eabi/lib/armv7e-m/fpu/libc_nano.a(lib_a-errno.o)
 .debug_abbrev  0x0000000000005281       0x14 /usr/lib/gcc/arm-none-eabi/4.8/armv7e-m/fpu/libgcc.a(_arm_addsubdf3.o)
 .debug_abbrev  0x0000000000005295       0x14 /usr/lib/gcc/arm-none-eabi/4.8/armv7e-m/fpu/libgcc.a(_arm_muldivdf3.o)
 .debug_abbrev  0x00000000000052a9       0x14 /usr/lib/gcc/arm-none-eabi/4.8/armv7e-m/fpu/libgcc.a(_arm_cmpdf2.o)
 .debug_abbrev  0x00000000000052bd       0x14 /usr/lib/gcc/arm-none-eabi/4.8/armv7e-m/fpu/libgcc.a(_arm_fixdfsi.o)

.debug_loc      0x0000000000000000     0x9ee4
 .debug_loc     0x0000000000000000       0x64 build/system_stm32f3xx.o
 .debug_loc     0x0000000000000064      0x35c build/stm32f3xx_hal.o
 .debug_loc     0x00000000000003c0      0x648 build/stm32f3xx_hal_cortex.o
 .debug_loc     0x0000000000000a08      0x1c0 build/stm32f3xx_hal_gpio.o
 .debug_loc     0x0000000000000bc8      0x2e4 build/stm32f3xx_hal_rcc.o
 .debug_loc     0x0000000000000eac       0xe4 build/stm32f3xx_hal_rcc_ex.o
 .debug_loc     0x0000000000000f90     0x1730 build/stm32f3xx_hal_tim.o
 .debug_loc     0x00000000000026c0      0x968 build/stm32f3xx_hal_tim_ex.o
 .debug_loc     0x0000000000003028      0x102 build/main.o
 .debug_loc     0x000000000000312a       0xa8 build/stm32f3xx_hal_msp.o
 .debug_loc     0x00000000000031d2       0x2c build/stm32f3xx_it.o
 .debug_loc     0x00000000000031fe       0x54 /usr/lib/gcc/arm-none-eabi/4.8/../../../arm-none-eabi/lib/armv7e-m/fpu/libc_nano.a(lib_a-init.o)
 .debug_loc     0x0000000000003252       0x57 /usr/lib/gcc/arm-none-eabi/4.8/../../../arm-none-eabi/lib/armv7e-m/fpu/libc_nano.a(lib_a-memset.o)
 .debug_loc     0x00000000000032a9      0x654 /usr/lib/gcc/arm-none-eabi/4.8/../../../arm-none-eabi/lib/armv7e-m/fpu/libc_nano.a(lib_a-nano-vfprintf_float.o)
 .debug_loc     0x00000000000038fd      0x538 /usr/lib/gcc/arm-none-eabi/4.8/../../../arm-none-eabi/lib/armv7e-m/fpu/libc_nano.a(lib_a-nano-vfprintf_i.o)
 .debug_loc     0x0000000000003e35       0x3f /usr/lib/gcc/arm-none-eabi/4.8/../../../arm-none-eabi/lib/armv7e-m/fpu/libc_nano.a(lib_a-printf.o)
 .debug_loc     0x0000000000003e74      0x178 /usr/lib/gcc/arm-none-eabi/4.8/../../../arm-none-eabi/lib/armv7e-m/fpu/libc_nano.a(lib_a-s_fpclassify.o)
 .debug_loc     0x0000000000003fec       0x21 /usr/lib/gcc/arm-none-eabi/4.8/../../../arm-none-eabi/lib/armv7e-m/fpu/libc_nano.a(lib_a-strlen.o)
 .debug_loc     0x000000000000400d     0x1ba8 /usr/lib/gcc/arm-none-eabi/4.8/../../../arm-none-eabi/lib/armv7e-m/fpu/libc_nano.a(lib_a-dtoa.o)
 .debug_loc     0x0000000000005bb5      0x1e2 /usr/lib/gcc/arm-none-eabi/4.8/../../../arm-none-eabi/lib/armv7e-m/fpu/libc_nano.a(lib_a-findfp.o)
 .debug_loc     0x0000000000005d97      0x11f /usr/lib/gcc/arm-none-eabi/4.8/../../../arm-none-eabi/lib/armv7e-m/fpu/libc_nano.a(lib_a-fwalk.o)
 .debug_loc     0x0000000000005eb6      0x12f /usr/lib/gcc/arm-none-eabi/4.8/../../../arm-none-eabi/lib/armv7e-m/fpu/libc_nano.a(lib_a-locale.o)
 .debug_loc     0x0000000000005fe5       0x58 /usr/lib/gcc/arm-none-eabi/4.8/../../../arm-none-eabi/lib/armv7e-m/fpu/libc_nano.a(lib_a-malloc.o)
 .debug_loc     0x000000000000603d       0xaf /usr/lib/gcc/arm-none-eabi/4.8/../../../arm-none-eabi/lib/armv7e-m/fpu/libc_nano.a(lib_a-memcpy-stub.o)
 .debug_loc     0x00000000000060ec     0x1a2a /usr/lib/gcc/arm-none-eabi/4.8/../../../arm-none-eabi/lib/armv7e-m/fpu/libc_nano.a(lib_a-mprec.o)
 .debug_loc     0x0000000000007b16       0x81 /usr/lib/gcc/arm-none-eabi/4.8/../../../arm-none-eabi/lib/armv7e-m/fpu/libc_nano.a(lib_a-nano-callocr.o)
 .debug_loc     0x0000000000007b97      0x172 /usr/lib/gcc/arm-none-eabi/4.8/../../../arm-none-eabi/lib/armv7e-m/fpu/libc_nano.a(lib_a-nano-freer.o)
 .debug_loc     0x0000000000007d09      0x26a /usr/lib/gcc/arm-none-eabi/4.8/../../../arm-none-eabi/lib/armv7e-m/fpu/libc_nano.a(lib_a-nano-mallocr.o)
 .debug_loc     0x0000000000007f73      0x4d0 /usr/lib/gcc/arm-none-eabi/4.8/../../../arm-none-eabi/lib/armv7e-m/fpu/libc_nano.a(lib_a-nano-vfprintf.o)
 .debug_loc     0x0000000000008443       0x4d /usr/lib/gcc/arm-none-eabi/4.8/../../../arm-none-eabi/lib/armv7e-m/fpu/libc_nano.a(lib_a-sbrkr.o)
 .debug_loc     0x0000000000008490      0x236 /usr/lib/gcc/arm-none-eabi/4.8/../../../arm-none-eabi/lib/armv7e-m/fpu/libc_nano.a(lib_a-stdio.o)
 .debug_loc     0x00000000000086c6      0x11e /usr/lib/gcc/arm-none-eabi/4.8/../../../arm-none-eabi/lib/armv7e-m/fpu/libc_nano.a(lib_a-wbuf.o)
 .debug_loc     0x00000000000087e4       0xa5 /usr/lib/gcc/arm-none-eabi/4.8/../../../arm-none-eabi/lib/armv7e-m/fpu/libc_nano.a(lib_a-writer.o)
 .debug_loc     0x0000000000008889       0x5d /usr/lib/gcc/arm-none-eabi/4.8/../../../arm-none-eabi/lib/armv7e-m/fpu/libc_nano.a(lib_a-wsetup.o)
 .debug_loc     0x00000000000088e6       0x4d /usr/lib/gcc/arm-none-eabi/4.8/../../../arm-none-eabi/lib/armv7e-m/fpu/libc_nano.a(lib_a-closer.o)
 .debug_loc     0x0000000000008933       0xf7 /usr/lib/gcc/arm-none-eabi/4.8/../../../arm-none-eabi/lib/armv7e-m/fpu/libc_nano.a(lib_a-fclose.o)
 .debug_loc     0x0000000000008a2a      0x24c /usr/lib/gcc/arm-none-eabi/4.8/../../../arm-none-eabi/lib/armv7e-m/fpu/libc_nano.a(lib_a-fflush.o)
 .debug_loc     0x0000000000008c76       0xa5 /usr/lib/gcc/arm-none-eabi/4.8/../../../arm-none-eabi/lib/armv7e-m/fpu/libc_nano.a(lib_a-lseekr.o)
 .debug_loc     0x0000000000008d1b       0xee /usr/lib/gcc/arm-none-eabi/4.8/../../../arm-none-eabi/lib/armv7e-m/fpu/libc_nano.a(lib_a-makebuf.o)
 .debug_loc     0x0000000000008e09       0xaa /usr/lib/gcc/arm-none-eabi/4.8/../../../arm-none-eabi/lib/armv7e-m/fpu/libc_nano.a(lib_a-memchr-stub.o)
 .debug_loc     0x0000000000008eb3       0xa5 /usr/lib/gcc/arm-none-eabi/4.8/../../../arm-none-eabi/lib/armv7e-m/fpu/libc_nano.a(lib_a-readr.o)
 .debug_loc     0x0000000000008f58      0x105 /usr/lib/gcc/arm-none-eabi/4.8/../../../arm-none-eabi/lib/armv7e-m/fpu/libc_nano.a(lib_a-reent.o)
 .debug_loc     0x000000000000905d       0x79 /usr/lib/gcc/arm-none-eabi/4.8/../../../arm-none-eabi/lib/armv7e-m/fpu/libc_nano.a(lib_a-fstatr.o)
 .debug_loc     0x00000000000090d6       0x4d /usr/lib/gcc/arm-none-eabi/4.8/../../../arm-none-eabi/lib/armv7e-m/fpu/libc_nano.a(lib_a-isattyr.o)
 .debug_loc     0x0000000000009123      0xdc1 /usr/lib/gcc/arm-none-eabi/4.8/../../../arm-none-eabi/lib/armv7e-m/fpu/librdimon_nano.a(rdimon-syscalls.o)

.debug_aranges  0x0000000000000000     0x1020
 .debug_aranges
                0x0000000000000000       0x28 build/system_stm32f3xx.o
 .debug_aranges
                0x0000000000000028       0xb0 build/stm32f3xx_hal.o
 .debug_aranges
                0x00000000000000d8      0x108 build/stm32f3xx_hal_cortex.o
 .debug_aranges
                0x00000000000001e0       0x58 build/stm32f3xx_hal_gpio.o
 .debug_aranges
                0x0000000000000238       0x88 build/stm32f3xx_hal_rcc.o
 .debug_aranges
                0x00000000000002c0       0x38 build/stm32f3xx_hal_rcc_ex.o
 .debug_aranges
                0x00000000000002f8      0x368 build/stm32f3xx_hal_tim.o
 .debug_aranges
                0x0000000000000660      0x170 build/stm32f3xx_hal_tim_ex.o
 .debug_aranges
                0x00000000000007d0       0x40 build/main.o
 .debug_aranges
                0x0000000000000810       0x30 build/stm32f3xx_hal_msp.o
 .debug_aranges
                0x0000000000000840       0x20 build/stm32f3xx_it.o
 .debug_aranges
                0x0000000000000860       0x28 build/startup_stm32f303xc.o
 .debug_aranges
                0x0000000000000888       0x18 /usr/lib/gcc/arm-none-eabi/4.8/../../../arm-none-eabi/lib/armv7e-m/fpu/libc_nano.a(lib_a-impure.o)
 .debug_aranges
                0x00000000000008a0       0x20 /usr/lib/gcc/arm-none-eabi/4.8/../../../arm-none-eabi/lib/armv7e-m/fpu/libc_nano.a(lib_a-init.o)
 .debug_aranges
                0x00000000000008c0       0x20 /usr/lib/gcc/arm-none-eabi/4.8/../../../arm-none-eabi/lib/armv7e-m/fpu/libc_nano.a(lib_a-memset.o)
 .debug_aranges
                0x00000000000008e0       0x30 /usr/lib/gcc/arm-none-eabi/4.8/../../../arm-none-eabi/lib/armv7e-m/fpu/libc_nano.a(lib_a-nano-vfprintf_float.o)
 .debug_aranges
                0x0000000000000910       0x28 /usr/lib/gcc/arm-none-eabi/4.8/../../../arm-none-eabi/lib/armv7e-m/fpu/libc_nano.a(lib_a-nano-vfprintf_i.o)
 .debug_aranges
                0x0000000000000938       0x28 /usr/lib/gcc/arm-none-eabi/4.8/../../../arm-none-eabi/lib/armv7e-m/fpu/libc_nano.a(lib_a-printf.o)
 .debug_aranges
                0x0000000000000960       0x20 /usr/lib/gcc/arm-none-eabi/4.8/../../../arm-none-eabi/lib/armv7e-m/fpu/libc_nano.a(lib_a-s_fpclassify.o)
 .debug_aranges
                0x0000000000000980       0x20 /usr/lib/gcc/arm-none-eabi/4.8/../../../arm-none-eabi/lib/armv7e-m/fpu/libc_nano.a(lib_a-strlen.o)
 .debug_aranges
                0x00000000000009a0       0x28 /usr/lib/gcc/arm-none-eabi/4.8/../../../arm-none-eabi/lib/armv7e-m/fpu/libc_nano.a(lib_a-dtoa.o)
 .debug_aranges
                0x00000000000009c8       0x88 /usr/lib/gcc/arm-none-eabi/4.8/../../../arm-none-eabi/lib/armv7e-m/fpu/libc_nano.a(lib_a-findfp.o)
 .debug_aranges
                0x0000000000000a50       0x28 /usr/lib/gcc/arm-none-eabi/4.8/../../../arm-none-eabi/lib/armv7e-m/fpu/libc_nano.a(lib_a-fwalk.o)
 .debug_aranges
                0x0000000000000a78       0x58 /usr/lib/gcc/arm-none-eabi/4.8/../../../arm-none-eabi/lib/armv7e-m/fpu/libc_nano.a(lib_a-locale.o)
 .debug_aranges
                0x0000000000000ad0       0x28 /usr/lib/gcc/arm-none-eabi/4.8/../../../arm-none-eabi/lib/armv7e-m/fpu/libc_nano.a(lib_a-malloc.o)
 .debug_aranges
                0x0000000000000af8       0x20 /usr/lib/gcc/arm-none-eabi/4.8/../../../arm-none-eabi/lib/armv7e-m/fpu/libc_nano.a(lib_a-memcpy-stub.o)
 .debug_aranges
                0x0000000000000b18       0xb0 /usr/lib/gcc/arm-none-eabi/4.8/../../../arm-none-eabi/lib/armv7e-m/fpu/libc_nano.a(lib_a-mprec.o)
 .debug_aranges
                0x0000000000000bc8       0x20 /usr/lib/gcc/arm-none-eabi/4.8/../../../arm-none-eabi/lib/armv7e-m/fpu/libc_nano.a(lib_a-nano-callocr.o)
 .debug_aranges
                0x0000000000000be8       0x20 /usr/lib/gcc/arm-none-eabi/4.8/../../../arm-none-eabi/lib/armv7e-m/fpu/libc_nano.a(lib_a-nano-freer.o)
 .debug_aranges
                0x0000000000000c08       0x20 /usr/lib/gcc/arm-none-eabi/4.8/../../../arm-none-eabi/lib/armv7e-m/fpu/libc_nano.a(lib_a-nano-mallocr.o)
 .debug_aranges
                0x0000000000000c28       0x40 /usr/lib/gcc/arm-none-eabi/4.8/../../../arm-none-eabi/lib/armv7e-m/fpu/libc_nano.a(lib_a-nano-vfprintf.o)
 .debug_aranges
                0x0000000000000c68       0x20 /usr/lib/gcc/arm-none-eabi/4.8/../../../arm-none-eabi/lib/armv7e-m/fpu/libc_nano.a(lib_a-sbrkr.o)
 .debug_aranges
                0x0000000000000c88       0x40 /usr/lib/gcc/arm-none-eabi/4.8/../../../arm-none-eabi/lib/armv7e-m/fpu/libc_nano.a(lib_a-stdio.o)
 .debug_aranges
                0x0000000000000cc8       0x28 /usr/lib/gcc/arm-none-eabi/4.8/../../../arm-none-eabi/lib/armv7e-m/fpu/libc_nano.a(lib_a-wbuf.o)
 .debug_aranges
                0x0000000000000cf0       0x20 /usr/lib/gcc/arm-none-eabi/4.8/../../../arm-none-eabi/lib/armv7e-m/fpu/libc_nano.a(lib_a-writer.o)
 .debug_aranges
                0x0000000000000d10       0x20 /usr/lib/gcc/arm-none-eabi/4.8/../../../arm-none-eabi/lib/armv7e-m/fpu/libc_nano.a(lib_a-wsetup.o)
 .debug_aranges
                0x0000000000000d30       0x20 /usr/lib/gcc/arm-none-eabi/4.8/../../../arm-none-eabi/lib/armv7e-m/fpu/libc_nano.a(lib_a-closer.o)
 .debug_aranges
                0x0000000000000d50       0x28 /usr/lib/gcc/arm-none-eabi/4.8/../../../arm-none-eabi/lib/armv7e-m/fpu/libc_nano.a(lib_a-fclose.o)
 .debug_aranges
                0x0000000000000d78       0x30 /usr/lib/gcc/arm-none-eabi/4.8/../../../arm-none-eabi/lib/armv7e-m/fpu/libc_nano.a(lib_a-fflush.o)
 .debug_aranges
                0x0000000000000da8       0x20 /usr/lib/gcc/arm-none-eabi/4.8/../../../arm-none-eabi/lib/armv7e-m/fpu/libc_nano.a(lib_a-lseekr.o)
 .debug_aranges
                0x0000000000000dc8       0x20 /usr/lib/gcc/arm-none-eabi/4.8/../../../arm-none-eabi/lib/armv7e-m/fpu/libc_nano.a(lib_a-makebuf.o)
 .debug_aranges
                0x0000000000000de8       0x20 /usr/lib/gcc/arm-none-eabi/4.8/../../../arm-none-eabi/lib/armv7e-m/fpu/libc_nano.a(lib_a-memchr-stub.o)
 .debug_aranges
                0x0000000000000e08       0x20 /usr/lib/gcc/arm-none-eabi/4.8/../../../arm-none-eabi/lib/armv7e-m/fpu/libc_nano.a(lib_a-readr.o)
 .debug_aranges
                0x0000000000000e28       0x28 /usr/lib/gcc/arm-none-eabi/4.8/../../../arm-none-eabi/lib/armv7e-m/fpu/libc_nano.a(lib_a-reent.o)
 .debug_aranges
                0x0000000000000e50       0x20 /usr/lib/gcc/arm-none-eabi/4.8/../../../arm-none-eabi/lib/armv7e-m/fpu/libc_nano.a(lib_a-fstatr.o)
 .debug_aranges
                0x0000000000000e70       0x20 /usr/lib/gcc/arm-none-eabi/4.8/../../../arm-none-eabi/lib/armv7e-m/fpu/libc_nano.a(lib_a-isattyr.o)
 .debug_aranges
                0x0000000000000e90       0xf0 /usr/lib/gcc/arm-none-eabi/4.8/../../../arm-none-eabi/lib/armv7e-m/fpu/librdimon_nano.a(rdimon-syscalls.o)
 .debug_aranges
                0x0000000000000f80       0x20 /usr/lib/gcc/arm-none-eabi/4.8/../../../arm-none-eabi/lib/armv7e-m/fpu/libc_nano.a(lib_a-errno.o)
 .debug_aranges
                0x0000000000000fa0       0x20 /usr/lib/gcc/arm-none-eabi/4.8/armv7e-m/fpu/libgcc.a(_arm_addsubdf3.o)
 .debug_aranges
                0x0000000000000fc0       0x20 /usr/lib/gcc/arm-none-eabi/4.8/armv7e-m/fpu/libgcc.a(_arm_muldivdf3.o)
 .debug_aranges
                0x0000000000000fe0       0x20 /usr/lib/gcc/arm-none-eabi/4.8/armv7e-m/fpu/libgcc.a(_arm_cmpdf2.o)
 .debug_aranges
                0x0000000000001000       0x20 /usr/lib/gcc/arm-none-eabi/4.8/armv7e-m/fpu/libgcc.a(_arm_fixdfsi.o)

.debug_ranges   0x0000000000000000      0xee0
 .debug_ranges  0x0000000000000000       0x18 build/system_stm32f3xx.o
 .debug_ranges  0x0000000000000018       0xa0 build/stm32f3xx_hal.o
 .debug_ranges  0x00000000000000b8       0xf8 build/stm32f3xx_hal_cortex.o
 .debug_ranges  0x00000000000001b0       0x48 build/stm32f3xx_hal_gpio.o
 .debug_ranges  0x00000000000001f8       0x78 build/stm32f3xx_hal_rcc.o
 .debug_ranges  0x0000000000000270       0x28 build/stm32f3xx_hal_rcc_ex.o
 .debug_ranges  0x0000000000000298      0x358 build/stm32f3xx_hal_tim.o
 .debug_ranges  0x00000000000005f0      0x160 build/stm32f3xx_hal_tim_ex.o
 .debug_ranges  0x0000000000000750       0x30 build/main.o
 .debug_ranges  0x0000000000000780       0x20 build/stm32f3xx_hal_msp.o
 .debug_ranges  0x00000000000007a0       0x10 build/stm32f3xx_it.o
 .debug_ranges  0x00000000000007b0       0x20 build/startup_stm32f303xc.o
 .debug_ranges  0x00000000000007d0       0x10 /usr/lib/gcc/arm-none-eabi/4.8/../../../arm-none-eabi/lib/armv7e-m/fpu/libc_nano.a(lib_a-init.o)
 .debug_ranges  0x00000000000007e0       0x10 /usr/lib/gcc/arm-none-eabi/4.8/../../../arm-none-eabi/lib/armv7e-m/fpu/libc_nano.a(lib_a-memset.o)
 .debug_ranges  0x00000000000007f0       0x90 /usr/lib/gcc/arm-none-eabi/4.8/../../../arm-none-eabi/lib/armv7e-m/fpu/libc_nano.a(lib_a-nano-vfprintf_float.o)
 .debug_ranges  0x0000000000000880       0x18 /usr/lib/gcc/arm-none-eabi/4.8/../../../arm-none-eabi/lib/armv7e-m/fpu/libc_nano.a(lib_a-nano-vfprintf_i.o)
 .debug_ranges  0x0000000000000898       0x18 /usr/lib/gcc/arm-none-eabi/4.8/../../../arm-none-eabi/lib/armv7e-m/fpu/libc_nano.a(lib_a-printf.o)
 .debug_ranges  0x00000000000008b0       0x10 /usr/lib/gcc/arm-none-eabi/4.8/../../../arm-none-eabi/lib/armv7e-m/fpu/libc_nano.a(lib_a-s_fpclassify.o)
 .debug_ranges  0x00000000000008c0       0x10 /usr/lib/gcc/arm-none-eabi/4.8/../../../arm-none-eabi/lib/armv7e-m/fpu/libc_nano.a(lib_a-strlen.o)
 .debug_ranges  0x00000000000008d0       0x30 /usr/lib/gcc/arm-none-eabi/4.8/../../../arm-none-eabi/lib/armv7e-m/fpu/libc_nano.a(lib_a-dtoa.o)
 .debug_ranges  0x0000000000000900       0x78 /usr/lib/gcc/arm-none-eabi/4.8/../../../arm-none-eabi/lib/armv7e-m/fpu/libc_nano.a(lib_a-findfp.o)
 .debug_ranges  0x0000000000000978       0x18 /usr/lib/gcc/arm-none-eabi/4.8/../../../arm-none-eabi/lib/armv7e-m/fpu/libc_nano.a(lib_a-fwalk.o)
 .debug_ranges  0x0000000000000990       0x48 /usr/lib/gcc/arm-none-eabi/4.8/../../../arm-none-eabi/lib/armv7e-m/fpu/libc_nano.a(lib_a-locale.o)
 .debug_ranges  0x00000000000009d8       0x18 /usr/lib/gcc/arm-none-eabi/4.8/../../../arm-none-eabi/lib/armv7e-m/fpu/libc_nano.a(lib_a-malloc.o)
 .debug_ranges  0x00000000000009f0       0x10 /usr/lib/gcc/arm-none-eabi/4.8/../../../arm-none-eabi/lib/armv7e-m/fpu/libc_nano.a(lib_a-memcpy-stub.o)
 .debug_ranges  0x0000000000000a00       0xd0 /usr/lib/gcc/arm-none-eabi/4.8/../../../arm-none-eabi/lib/armv7e-m/fpu/libc_nano.a(lib_a-mprec.o)
 .debug_ranges  0x0000000000000ad0       0x10 /usr/lib/gcc/arm-none-eabi/4.8/../../../arm-none-eabi/lib/armv7e-m/fpu/libc_nano.a(lib_a-nano-callocr.o)
 .debug_ranges  0x0000000000000ae0       0x28 /usr/lib/gcc/arm-none-eabi/4.8/../../../arm-none-eabi/lib/armv7e-m/fpu/libc_nano.a(lib_a-nano-freer.o)
 .debug_ranges  0x0000000000000b08       0x28 /usr/lib/gcc/arm-none-eabi/4.8/../../../arm-none-eabi/lib/armv7e-m/fpu/libc_nano.a(lib_a-nano-mallocr.o)
 .debug_ranges  0x0000000000000b30       0x30 /usr/lib/gcc/arm-none-eabi/4.8/../../../arm-none-eabi/lib/armv7e-m/fpu/libc_nano.a(lib_a-nano-vfprintf.o)
 .debug_ranges  0x0000000000000b60       0x10 /usr/lib/gcc/arm-none-eabi/4.8/../../../arm-none-eabi/lib/armv7e-m/fpu/libc_nano.a(lib_a-sbrkr.o)
 .debug_ranges  0x0000000000000b70       0x30 /usr/lib/gcc/arm-none-eabi/4.8/../../../arm-none-eabi/lib/armv7e-m/fpu/libc_nano.a(lib_a-stdio.o)
 .debug_ranges  0x0000000000000ba0       0x18 /usr/lib/gcc/arm-none-eabi/4.8/../../../arm-none-eabi/lib/armv7e-m/fpu/libc_nano.a(lib_a-wbuf.o)
 .debug_ranges  0x0000000000000bb8       0x10 /usr/lib/gcc/arm-none-eabi/4.8/../../../arm-none-eabi/lib/armv7e-m/fpu/libc_nano.a(lib_a-writer.o)
 .debug_ranges  0x0000000000000bc8       0x30 /usr/lib/gcc/arm-none-eabi/4.8/../../../arm-none-eabi/lib/armv7e-m/fpu/libc_nano.a(lib_a-wsetup.o)
 .debug_ranges  0x0000000000000bf8       0x10 /usr/lib/gcc/arm-none-eabi/4.8/../../../arm-none-eabi/lib/armv7e-m/fpu/libc_nano.a(lib_a-closer.o)
 .debug_ranges  0x0000000000000c08       0x18 /usr/lib/gcc/arm-none-eabi/4.8/../../../arm-none-eabi/lib/armv7e-m/fpu/libc_nano.a(lib_a-fclose.o)
 .debug_ranges  0x0000000000000c20       0x20 /usr/lib/gcc/arm-none-eabi/4.8/../../../arm-none-eabi/lib/armv7e-m/fpu/libc_nano.a(lib_a-fflush.o)
 .debug_ranges  0x0000000000000c40       0x10 /usr/lib/gcc/arm-none-eabi/4.8/../../../arm-none-eabi/lib/armv7e-m/fpu/libc_nano.a(lib_a-lseekr.o)
 .debug_ranges  0x0000000000000c50       0x10 /usr/lib/gcc/arm-none-eabi/4.8/../../../arm-none-eabi/lib/armv7e-m/fpu/libc_nano.a(lib_a-makebuf.o)
 .debug_ranges  0x0000000000000c60       0x10 /usr/lib/gcc/arm-none-eabi/4.8/../../../arm-none-eabi/lib/armv7e-m/fpu/libc_nano.a(lib_a-memchr-stub.o)
 .debug_ranges  0x0000000000000c70       0x10 /usr/lib/gcc/arm-none-eabi/4.8/../../../arm-none-eabi/lib/armv7e-m/fpu/libc_nano.a(lib_a-readr.o)
 .debug_ranges  0x0000000000000c80       0x30 /usr/lib/gcc/arm-none-eabi/4.8/../../../arm-none-eabi/lib/armv7e-m/fpu/libc_nano.a(lib_a-reent.o)
 .debug_ranges  0x0000000000000cb0       0x10 /usr/lib/gcc/arm-none-eabi/4.8/../../../arm-none-eabi/lib/armv7e-m/fpu/libc_nano.a(lib_a-fstatr.o)
 .debug_ranges  0x0000000000000cc0       0x10 /usr/lib/gcc/arm-none-eabi/4.8/../../../arm-none-eabi/lib/armv7e-m/fpu/libc_nano.a(lib_a-isattyr.o)
 .debug_ranges  0x0000000000000cd0      0x200 /usr/lib/gcc/arm-none-eabi/4.8/../../../arm-none-eabi/lib/armv7e-m/fpu/librdimon_nano.a(rdimon-syscalls.o)
 .debug_ranges  0x0000000000000ed0       0x10 /usr/lib/gcc/arm-none-eabi/4.8/../../../arm-none-eabi/lib/armv7e-m/fpu/libc_nano.a(lib_a-errno.o)

.debug_line     0x0000000000000000     0x88b7
 .debug_line    0x0000000000000000      0x159 build/system_stm32f3xx.o
 .debug_line    0x0000000000000159      0x2b7 build/stm32f3xx_hal.o
 .debug_line    0x0000000000000410      0x435 build/stm32f3xx_hal_cortex.o
 .debug_line    0x0000000000000845      0x2b0 build/stm32f3xx_hal_gpio.o
 .debug_line    0x0000000000000af5      0xc9e build/stm32f3xx_hal_rcc.o
 .debug_line    0x0000000000001793      0x43d build/stm32f3xx_hal_rcc_ex.o
 .debug_line    0x0000000000001bd0     0x11cf build/stm32f3xx_hal_tim.o
 .debug_line    0x0000000000002d9f      0x824 build/stm32f3xx_hal_tim_ex.o
 .debug_line    0x00000000000035c3      0x258 build/main.o
 .debug_line    0x000000000000381b      0x1ab build/stm32f3xx_hal_msp.o
 .debug_line    0x00000000000039c6       0xb9 build/stm32f3xx_it.o
 .debug_line    0x0000000000003a7f       0xab build/startup_stm32f303xc.o
 .debug_line    0x0000000000003b2a       0xf8 /usr/lib/gcc/arm-none-eabi/4.8/../../../arm-none-eabi/lib/armv7e-m/fpu/libc_nano.a(lib_a-impure.o)
 .debug_line    0x0000000000003c22       0xb7 /usr/lib/gcc/arm-none-eabi/4.8/../../../arm-none-eabi/lib/armv7e-m/fpu/libc_nano.a(lib_a-init.o)
 .debug_line    0x0000000000003cd9       0xf9 /usr/lib/gcc/arm-none-eabi/4.8/../../../arm-none-eabi/lib/armv7e-m/fpu/libc_nano.a(lib_a-memset.o)
 .debug_line    0x0000000000003dd2      0x402 /usr/lib/gcc/arm-none-eabi/4.8/../../../arm-none-eabi/lib/armv7e-m/fpu/libc_nano.a(lib_a-nano-vfprintf_float.o)
 .debug_line    0x00000000000041d4      0x2e9 /usr/lib/gcc/arm-none-eabi/4.8/../../../arm-none-eabi/lib/armv7e-m/fpu/libc_nano.a(lib_a-nano-vfprintf_i.o)
 .debug_line    0x00000000000044bd      0x1a8 /usr/lib/gcc/arm-none-eabi/4.8/../../../arm-none-eabi/lib/armv7e-m/fpu/libc_nano.a(lib_a-printf.o)
 .debug_line    0x0000000000004665      0x154 /usr/lib/gcc/arm-none-eabi/4.8/../../../arm-none-eabi/lib/armv7e-m/fpu/libc_nano.a(lib_a-s_fpclassify.o)
 .debug_line    0x00000000000047b9       0xfc /usr/lib/gcc/arm-none-eabi/4.8/../../../arm-none-eabi/lib/armv7e-m/fpu/libc_nano.a(lib_a-strlen.o)
 .debug_line    0x00000000000048b5      0x5b9 /usr/lib/gcc/arm-none-eabi/4.8/../../../arm-none-eabi/lib/armv7e-m/fpu/libc_nano.a(lib_a-dtoa.o)
 .debug_line    0x0000000000004e6e      0x2d1 /usr/lib/gcc/arm-none-eabi/4.8/../../../arm-none-eabi/lib/armv7e-m/fpu/libc_nano.a(lib_a-findfp.o)
 .debug_line    0x000000000000513f      0x1b4 /usr/lib/gcc/arm-none-eabi/4.8/../../../arm-none-eabi/lib/armv7e-m/fpu/libc_nano.a(lib_a-fwalk.o)
 .debug_line    0x00000000000052f3      0x209 /usr/lib/gcc/arm-none-eabi/4.8/../../../arm-none-eabi/lib/armv7e-m/fpu/libc_nano.a(lib_a-locale.o)
 .debug_line    0x00000000000054fc      0x17b /usr/lib/gcc/arm-none-eabi/4.8/../../../arm-none-eabi/lib/armv7e-m/fpu/libc_nano.a(lib_a-malloc.o)
 .debug_line    0x0000000000005677      0x110 /usr/lib/gcc/arm-none-eabi/4.8/../../../arm-none-eabi/lib/armv7e-m/fpu/libc_nano.a(lib_a-memcpy-stub.o)
 .debug_line    0x0000000000005787      0x67e /usr/lib/gcc/arm-none-eabi/4.8/../../../arm-none-eabi/lib/armv7e-m/fpu/libc_nano.a(lib_a-mprec.o)
 .debug_line    0x0000000000005e05      0x175 /usr/lib/gcc/arm-none-eabi/4.8/../../../arm-none-eabi/lib/armv7e-m/fpu/libc_nano.a(lib_a-nano-callocr.o)